Archive member included to satisfy reference by file (symbol)

/home/anon/st/stm32cubeide_1.19.0_2/plugins/com.st.stm32cube.ide.mcu.externaltools.gnu-tools-for-stm32.13.3.rel1.linux64_1.0.0.202410170706/tools/bin/../lib/gcc/arm-none-eabi/13.3.1/../../../../arm-none-eabi/lib/thumb/v7e-m+fp/hard/libc_nano.a(libc_a-exit.o)
                              /home/anon/st/stm32cubeide_1.19.0_2/plugins/com.st.stm32cube.ide.mcu.externaltools.gnu-tools-for-stm32.13.3.rel1.linux64_1.0.0.202410170706/tools/bin/../lib/gcc/arm-none-eabi/13.3.1/../../../../arm-none-eabi/lib/thumb/v7e-m+fp/hard/crt0.o (exit)
/home/anon/st/stm32cubeide_1.19.0_2/plugins/com.st.stm32cube.ide.mcu.externaltools.gnu-tools-for-stm32.13.3.rel1.linux64_1.0.0.202410170706/tools/bin/../lib/gcc/arm-none-eabi/13.3.1/../../../../arm-none-eabi/lib/thumb/v7e-m+fp/hard/libc_nano.a(libc_a-findfp.o)
                              /home/anon/st/stm32cubeide_1.19.0_2/plugins/com.st.stm32cube.ide.mcu.externaltools.gnu-tools-for-stm32.13.3.rel1.linux64_1.0.0.202410170706/tools/bin/../lib/gcc/arm-none-eabi/13.3.1/../../../../arm-none-eabi/lib/thumb/v7e-m+fp/hard/libc_nano.a(libc_a-exit.o) (__stdio_exit_handler)
/home/anon/st/stm32cubeide_1.19.0_2/plugins/com.st.stm32cube.ide.mcu.externaltools.gnu-tools-for-stm32.13.3.rel1.linux64_1.0.0.202410170706/tools/bin/../lib/gcc/arm-none-eabi/13.3.1/../../../../arm-none-eabi/lib/thumb/v7e-m+fp/hard/libc_nano.a(libc_a-fwalk.o)
                              /home/anon/st/stm32cubeide_1.19.0_2/plugins/com.st.stm32cube.ide.mcu.externaltools.gnu-tools-for-stm32.13.3.rel1.linux64_1.0.0.202410170706/tools/bin/../lib/gcc/arm-none-eabi/13.3.1/../../../../arm-none-eabi/lib/thumb/v7e-m+fp/hard/libc_nano.a(libc_a-findfp.o) (_fwalk_sglue)
/home/anon/st/stm32cubeide_1.19.0_2/plugins/com.st.stm32cube.ide.mcu.externaltools.gnu-tools-for-stm32.13.3.rel1.linux64_1.0.0.202410170706/tools/bin/../lib/gcc/arm-none-eabi/13.3.1/../../../../arm-none-eabi/lib/thumb/v7e-m+fp/hard/libc_nano.a(libc_a-stdio.o)
                              /home/anon/st/stm32cubeide_1.19.0_2/plugins/com.st.stm32cube.ide.mcu.externaltools.gnu-tools-for-stm32.13.3.rel1.linux64_1.0.0.202410170706/tools/bin/../lib/gcc/arm-none-eabi/13.3.1/../../../../arm-none-eabi/lib/thumb/v7e-m+fp/hard/libc_nano.a(libc_a-findfp.o) (__sread)
/home/anon/st/stm32cubeide_1.19.0_2/plugins/com.st.stm32cube.ide.mcu.externaltools.gnu-tools-for-stm32.13.3.rel1.linux64_1.0.0.202410170706/tools/bin/../lib/gcc/arm-none-eabi/13.3.1/../../../../arm-none-eabi/lib/thumb/v7e-m+fp/hard/libc_nano.a(libc_a-memset.o)
                              /home/anon/st/stm32cubeide_1.19.0_2/plugins/com.st.stm32cube.ide.mcu.externaltools.gnu-tools-for-stm32.13.3.rel1.linux64_1.0.0.202410170706/tools/bin/../lib/gcc/arm-none-eabi/13.3.1/../../../../arm-none-eabi/lib/thumb/v7e-m+fp/hard/crt0.o (memset)
/home/anon/st/stm32cubeide_1.19.0_2/plugins/com.st.stm32cube.ide.mcu.externaltools.gnu-tools-for-stm32.13.3.rel1.linux64_1.0.0.202410170706/tools/bin/../lib/gcc/arm-none-eabi/13.3.1/../../../../arm-none-eabi/lib/thumb/v7e-m+fp/hard/libc_nano.a(libc_a-closer.o)
                              /home/anon/st/stm32cubeide_1.19.0_2/plugins/com.st.stm32cube.ide.mcu.externaltools.gnu-tools-for-stm32.13.3.rel1.linux64_1.0.0.202410170706/tools/bin/../lib/gcc/arm-none-eabi/13.3.1/../../../../arm-none-eabi/lib/thumb/v7e-m+fp/hard/libc_nano.a(libc_a-stdio.o) (_close_r)
/home/anon/st/stm32cubeide_1.19.0_2/plugins/com.st.stm32cube.ide.mcu.externaltools.gnu-tools-for-stm32.13.3.rel1.linux64_1.0.0.202410170706/tools/bin/../lib/gcc/arm-none-eabi/13.3.1/../../../../arm-none-eabi/lib/thumb/v7e-m+fp/hard/libc_nano.a(libc_a-reent.o)
                              /home/anon/st/stm32cubeide_1.19.0_2/plugins/com.st.stm32cube.ide.mcu.externaltools.gnu-tools-for-stm32.13.3.rel1.linux64_1.0.0.202410170706/tools/bin/../lib/gcc/arm-none-eabi/13.3.1/../../../../arm-none-eabi/lib/thumb/v7e-m+fp/hard/libc_nano.a(libc_a-closer.o) (errno)
/home/anon/st/stm32cubeide_1.19.0_2/plugins/com.st.stm32cube.ide.mcu.externaltools.gnu-tools-for-stm32.13.3.rel1.linux64_1.0.0.202410170706/tools/bin/../lib/gcc/arm-none-eabi/13.3.1/../../../../arm-none-eabi/lib/thumb/v7e-m+fp/hard/libc_nano.a(libc_a-impure.o)
                              /home/anon/st/stm32cubeide_1.19.0_2/plugins/com.st.stm32cube.ide.mcu.externaltools.gnu-tools-for-stm32.13.3.rel1.linux64_1.0.0.202410170706/tools/bin/../lib/gcc/arm-none-eabi/13.3.1/../../../../arm-none-eabi/lib/thumb/v7e-m+fp/hard/libc_nano.a(libc_a-reent.o) (_impure_ptr)
/home/anon/st/stm32cubeide_1.19.0_2/plugins/com.st.stm32cube.ide.mcu.externaltools.gnu-tools-for-stm32.13.3.rel1.linux64_1.0.0.202410170706/tools/bin/../lib/gcc/arm-none-eabi/13.3.1/../../../../arm-none-eabi/lib/thumb/v7e-m+fp/hard/libc_nano.a(libc_a-lseekr.o)
[...]
Memory Configuration

Name             Origin             Length             Attributes
RAM              0x20000000         0x00020000         xrw
FLASH            0x08000000         0x00080000         xr
*default*        0x00000000         0xffffffff

Linker script and memory map

LOAD /home/anon/st/stm32cubeide_1.19.0_2/plugins/com.st.stm32cube.ide.mcu.externaltools.gnu-tools-for-stm32.13.3.rel1.linux64_1.0.0.202410170706/tools/bin/../lib/gcc/arm-none-eabi/13.3.1/thumb/v7e-m+fp/hard/crti.o
LOAD /home/anon/st/stm32cubeide_1.19.0_2/plugins/com.st.stm32cube.ide.mcu.externaltools.gnu-tools-for-stm32.13.3.rel1.linux64_1.0.0.202410170706/tools/bin/../lib/gcc/arm-none-eabi/13.3.1/thumb/v7e-m+fp/hard/crtbegin.o
LOAD /home/anon/st/stm32cubeide_1.19.0_2/plugins/com.st.stm32cube.ide.mcu.externaltools.gnu-tools-for-stm32.13.3.rel1.linux64_1.0.0.202410170706/tools/bin/../lib/gcc/arm-none-eabi/13.3.1/../../../../arm-none-eabi/lib/thumb/v7e-m+fp/hard/crt0.o
LOAD ./Core/Src/main.o
LOAD ./Core/Src/stm32g4xx_hal_msp.o
LOAD ./Core/Src/stm32g4xx_it.o
LOAD ./Core/Src/syscalls.o
LOAD ./Core/Src/sysmem.o
LOAD ./Core/Src/system_stm32g4xx.o
LOAD ./Core/Startup/startup_stm32g474retx.o
LOAD ./Drivers/BSP/STM32G4xx_Nucleo/stm32g4xx_nucleo.o
LOAD ./Drivers/CMSIS/DSP/Source/CommonTables/arm_common_tables.o
LOAD ./Drivers/CMSIS/DSP/Source/CommonTables/arm_const_structs.o
LOAD ./Drivers/CMSIS/DSP/Source/ComplexMathFunctions/arm_cmplx_mag_f32.o
LOAD ./Drivers/CMSIS/DSP/Source/TransformFunctions/arm_bitreversal.o
LOAD ./Drivers/CMSIS/DSP/Source/TransformFunctions/arm_bitreversal2.o
LOAD ./Drivers/CMSIS/DSP/Source/TransformFunctions/arm_cfft_f32.o
LOAD ./Drivers/CMSIS/DSP/Source/TransformFunctions/arm_cfft_radix4_f32.o
LOAD ./Drivers/CMSIS/DSP/Source/TransformFunctions/arm_cfft_radix8_f32.o
LOAD ./Drivers/CMSIS/DSP/Source/TransformFunctions/arm_rfft_fast_f32.o
LOAD ./Drivers/CMSIS/DSP/Source/TransformFunctions/arm_rfft_fast_init_f32.o
LOAD ./Drivers/STM32G4xx_HAL_Driver/Src/stm32g4xx_hal.o
LOAD ./Drivers/STM32G4xx_HAL_Driver/Src/stm32g4xx_hal_adc.o
LOAD ./Drivers/STM32G4xx_HAL_Driver/Src/stm32g4xx_hal_adc_ex.o
LOAD ./Drivers/STM32G4xx_HAL_Driver/Src/stm32g4xx_hal_cortex.o
LOAD ./Drivers/STM32G4xx_HAL_Driver/Src/stm32g4xx_hal_dma.o
LOAD ./Drivers/STM32G4xx_HAL_Driver/Src/stm32g4xx_hal_dma_ex.o
LOAD ./Drivers/STM32G4xx_HAL_Driver/Src/stm32g4xx_hal_exti.o
LOAD ./Drivers/STM32G4xx_HAL_Driver/Src/stm32g4xx_hal_flash.o
LOAD ./Drivers/STM32G4xx_HAL_Driver/Src/stm32g4xx_hal_flash_ex.o
LOAD ./Drivers/STM32G4xx_HAL_Driver/Src/stm32g4xx_hal_flash_ramfunc.o
LOAD ./Drivers/STM32G4xx_HAL_Driver/Src/stm32g4xx_hal_gpio.o
LOAD ./Drivers/STM32G4xx_HAL_Driver/Src/stm32g4xx_hal_pwr.o
LOAD ./Drivers/STM32G4xx_HAL_Driver/Src/stm32g4xx_hal_pwr_ex.o
LOAD ./Drivers/STM32G4xx_HAL_Driver/Src/stm32g4xx_hal_rcc.o
LOAD ./Drivers/STM32G4xx_HAL_Driver/Src/stm32g4xx_hal_rcc_ex.o
LOAD ./Drivers/STM32G4xx_HAL_Driver/Src/stm32g4xx_hal_tim.o
LOAD ./Drivers/STM32G4xx_HAL_Driver/Src/stm32g4xx_hal_tim_ex.o
LOAD ./Drivers/STM32G4xx_HAL_Driver/Src/stm32g4xx_hal_uart.o
LOAD ./Drivers/STM32G4xx_HAL_Driver/Src/stm32g4xx_hal_uart_ex.o
LOAD ./Drivers/STM32G4xx_HAL_Driver/Src/stm32g4xx_hal_usart.o
LOAD ./Drivers/STM32G4xx_HAL_Driver/Src/stm32g4xx_hal_usart_ex.o
LOAD ./Drivers/STM32G4xx_HAL_Driver/Src/stm32g4xx_ll_adc.o
START GROUP
LOAD /home/anon/st/stm32cubeide_1.19.0_2/plugins/com.st.stm32cube.ide.mcu.externaltools.gnu-tools-for-stm32.13.3.rel1.linux64_1.0.0.202410170706/tools/bin/../lib/gcc/arm-none-eabi/13.3.1/../../../../arm-none-eabi/lib/thumb/v7e-m+fp/hard/libc_nano.a
LOAD /home/anon/st/stm32cubeide_1.19.0_2/plugins/com.st.stm32cube.ide.mcu.externaltools.gnu-tools-for-stm32.13.3.rel1.linux64_1.0.0.202410170706/tools/bin/../lib/gcc/arm-none-eabi/13.3.1/../../../../arm-none-eabi/lib/thumb/v7e-m+fp/hard/libm.a
END GROUP
START GROUP
LOAD /home/anon/st/stm32cubeide_1.19.0_2/plugins/com.st.stm32cube.ide.mcu.externaltools.gnu-tools-for-stm32.13.3.rel1.linux64_1.0.0.202410170706/tools/bin/../lib/gcc/arm-none-eabi/13.3.1/thumb/v7e-m+fp/hard/libgcc.a
LOAD /home/anon/st/stm32cubeide_1.19.0_2/plugins/com.st.stm32cube.ide.mcu.externaltools.gnu-tools-for-stm32.13.3.rel1.linux64_1.0.0.202410170706/tools/bin/../lib/gcc/arm-none-eabi/13.3.1/../../../../arm-none-eabi/lib/thumb/v7e-m+fp/hard/libc_nano.a
END GROUP
START GROUP
LOAD /home/anon/st/stm32cubeide_1.19.0_2/plugins/com.st.stm32cube.ide.mcu.externaltools.gnu-tools-for-stm32.13.3.rel1.linux64_1.0.0.202410170706/tools/bin/../lib/gcc/arm-none-eabi/13.3.1/thumb/v7e-m+fp/hard/libgcc.a
LOAD /home/anon/st/stm32cubeide_1.19.0_2/plugins/com.st.stm32cube.ide.mcu.externaltools.gnu-tools-for-stm32.13.3.rel1.linux64_1.0.0.202410170706/tools/bin/../lib/gcc/arm-none-eabi/13.3.1/../../../../arm-none-eabi/lib/thumb/v7e-m+fp/hard/libc_nano.a
LOAD /home/anon/st/stm32cubeide_1.19.0_2/plugins/com.st.stm32cube.ide.mcu.externaltools.gnu-tools-for-stm32.13.3.rel1.linux64_1.0.0.202410170706/tools/bin/../lib/gcc/arm-none-eabi/13.3.1/../../../../arm-none-eabi/lib/thumb/v7e-m+fp/hard/libnosys.a
END GROUP
START GROUP
LOAD /home/anon/st/stm32cubeide_1.19.0_2/plugins/com.st.stm32cube.ide.mcu.externaltools.gnu-tools-for-stm32.13.3.rel1.linux64_1.0.0.202410170706/tools/bin/../lib/gcc/arm-none-eabi/13.3.1/thumb/v7e-m+fp/hard/libgcc.a
LOAD /home/anon/st/stm32cubeide_1.19.0_2/plugins/com.st.stm32cube.ide.mcu.externaltools.gnu-tools-for-stm32.13.3.rel1.linux64_1.0.0.202410170706/tools/bin/../lib/gcc/arm-none-eabi/13.3.1/../../../../arm-none-eabi/lib/thumb/v7e-m+fp/hard/libc_nano.a
LOAD /home/anon/st/stm32cubeide_1.19.0_2/plugins/com.st.stm32cube.ide.mcu.externaltools.gnu-tools-for-stm32.13.3.rel1.linux64_1.0.0.202410170706/tools/bin/../lib/gcc/arm-none-eabi/13.3.1/../../../../arm-none-eabi/lib/thumb/v7e-m+fp/hard/libnosys.a
END GROUP
LOAD /home/anon/st/stm32cubeide_1.19.0_2/plugins/com.st.stm32cube.ide.mcu.externaltools.gnu-tools-for-stm32.13.3.rel1.linux64_1.0.0.202410170706/tools/bin/../lib/gcc/arm-none-eabi/13.3.1/thumb/v7e-m+fp/hard/crtend.o
LOAD /home/anon/st/stm32cubeide_1.19.0_2/plugins/com.st.stm32cube.ide.mcu.externaltools.gnu-tools-for-stm32.13.3.rel1.linux64_1.0.0.202410170706/tools/bin/../lib/gcc/arm-none-eabi/13.3.1/thumb/v7e-m+fp/hard/crtn.o
                0x20020000                        _estack = (ORIGIN (RAM) + LENGTH (RAM))
                0x00000200                        _Min_Heap_Size = 0x200
                0x00000400                        _Min_Stack_Size = 0x400

.isr_vector     0x08000000      0x1d8
                0x08000000                        . = ALIGN (0x4)
 *(.isr_vector)
 .isr_vector    0x08000000      0x1d8 ./Core/Startup/startup_stm32g474retx.o
                0x08000000                g_pfnVectors
                0x080001d8                        . = ALIGN (0x4)

.text           0x080001d8     0x8c5c
                0x080001d8                        . = ALIGN (0x4)
 *(.text)
 .text          0x080001d8       0x40 /home/anon/st/stm32cubeide_1.19.0_2/plugins/com.st.stm32cube.ide.mcu.externaltools.gnu-tools-for-stm32.13.3.rel1.linux64_1.0.0.202410170706/tools/bin/../lib/gcc/arm-none-eabi/13.3.1/thumb/v7e-m+fp/hard/crtbegin.o
 .text          0x08000218       0x30 /home/anon/st/stm32cubeide_1.19.0_2/plugins/com.st.stm32cube.ide.mcu.externaltools.gnu-tools-for-stm32.13.3.rel1.linux64_1.0.0.202410170706/tools/bin/../lib/gcc/arm-none-eabi/13.3.1/thumb/v7e-m+fp/hard/libgcc.a(_aeabi_uldivmod.o)
                0x08000218                __aeabi_uldivmod
 .text          0x08000248      0x2f8 /home/anon/st/stm32cubeide_1.19.0_2/plugins/com.st.stm32cube.ide.mcu.externaltools.gnu-tools-for-stm32.13.3.rel1.linux64_1.0.0.202410170706/tools/bin/../lib/gcc/arm-none-eabi/13.3.1/thumb/v7e-m+fp/hard/libgcc.a(_udivmoddi4.o)
                0x08000248                __udivmoddi4
 .text          0x08000540        0x4 /home/anon/st/stm32cubeide_1.19.0_2/plugins/com.st.stm32cube.ide.mcu.externaltools.gnu-tools-for-stm32.13.3.rel1.linux64_1.0.0.202410170706/tools/bin/../lib/gcc/arm-none-eabi/13.3.1/thumb/v7e-m+fp/hard/libgcc.a(_dvmd_tls.o)
                0x08000540                __aeabi_ldiv0
                0x08000540                __aeabi_idiv0
 *(.text*)
 .text.Generate_Hann_Window
                0x08000544       0x74 ./Core/Src/main.o
 .text.Generate_Test_Signal
                0x080005b8       0xb4 ./Core/Src/main.o
 .text.Process_FFT_Block
                0x0800066c       0xfc ./Core/Src/main.o
 .text.Send_FFT_Packet
                0x08000768       0x7c ./Core/Src/main.o
 .text.main     0x080007e4      0x104 ./Core/Src/main.o
                0x080007e4                main
 .text.SystemClock_Config
                0x080008e8       0x96 ./Core/Src/main.o
                0x080008e8                SystemClock_Config
 *fill*         0x0800097e        0x2 
 .text.MX_ADC1_Init
                0x08000980      0x100 ./Core/Src/main.o
 .text.MX_TIM6_Init
                0x08000a80       0x6c ./Core/Src/main.o
 .text.MX_USART2_Init
                0x08000aec       0x64 ./Core/Src/main.o
 .text.MX_DMA_Init
                0x08000b50       0x74 ./Core/Src/main.o
 .text.MX_GPIO_Init
                0x08000bc4       0x50 ./Core/Src/main.o
 .text.HAL_ADC_ConvHalfCpltCallback
                0x08000c14       0x28 ./Core/Src/main.o
                0x08000c14                HAL_ADC_ConvHalfCpltCallback
 .text.HAL_ADC_ConvCpltCallback
                0x08000c3c       0x28 ./Core/Src/main.o
                0x08000c3c                HAL_ADC_ConvCpltCallback
 .text.HAL_UART_TxCpltCallback
                0x08000c64       0x2c ./Core/Src/main.o
                0x08000c64                HAL_UART_TxCpltCallback
 .text.HAL_UART_ErrorCallback
                0x08000c90       0x34 ./Core/Src/main.o
                0x08000c90                HAL_UART_ErrorCallback
 .text.Error_Handler
                0x08000cc4        0xc ./Core/Src/main.o
                0x08000cc4                Error_Handler
 .text.HAL_MspInit
                0x08000cd0       0x48 ./Core/Src/stm32g4xx_hal_msp.o
                0x08000cd0                HAL_MspInit
 .text.HAL_ADC_MspInit
                0x08000d18      0x108 ./Core/Src/stm32g4xx_hal_msp.o
                0x08000d18                HAL_ADC_MspInit
 .text.HAL_TIM_Base_MspInit
                0x08000e20       0x40 ./Core/Src/stm32g4xx_hal_msp.o
                0x08000e20                HAL_TIM_Base_MspInit
 .text.HAL_UART_MspInit
                0x08000e60       0xb0 ./Core/Src/stm32g4xx_hal_msp.o
                0x08000e60                HAL_UART_MspInit
 .text.NMI_Handler
                0x08000f10        0x8 ./Core/Src/stm32g4xx_it.o
                0x08000f10                NMI_Handler
 .text.HardFault_Handler
                0x08000f18        0x8 ./Core/Src/stm32g4xx_it.o
                0x08000f18                HardFault_Handler
 .text.MemManage_Handler
                0x08000f20        0x8 ./Core/Src/stm32g4xx_it.o
                0x08000f20                MemManage_Handler
 .text.BusFault_Handler
                0x08000f28        0x8 ./Core/Src/stm32g4xx_it.o
                0x08000f28                BusFault_Handler
 .text.UsageFault_Handler
                0x08000f30        0x8 ./Core/Src/stm32g4xx_it.o
                0x08000f30                UsageFault_Handler
 .text.SVC_Handler
                0x08000f38        0xe ./Core/Src/stm32g4xx_it.o
                0x08000f38                SVC_Handler
 *fill*         0x08000f46        0x2 
 .text.SystemInit
                0x08000f48       0x24 ./Core/Src/system_stm32g4xx.o
                0x08000f48                SystemInit
 .text.Reset_Handler
                0x08000f6c       0x50 ./Core/Startup/startup_stm32g474retx.o
                0x08000f6c                Reset_Handler
 .text.Default_Handler
                0x08000fbc        0x2 ./Core/Startup/startup_stm32g474retx.o
                0x08000fbc                RTC_Alarm_IRQHandler
                0x08000fbc                EXTI2_IRQHandler
                0x08000fbc                TIM8_TRG_COM_IRQHandler
                0x08000fbc                TIM8_CC_IRQHandler
                0x08000fbc                HRTIM1_Master_IRQHandler
                0x08000fbc                DebugMon_Handler
                0x08000fbc                SPI4_IRQHandler
                0x08000fbc                FDCAN3_IT0_IRQHandler
                0x08000fbc                TIM1_CC_IRQHandler
                0x08000fbc                HRTIM1_FLT_IRQHandler
                0x08000fbc                HRTIM1_TIMF_IRQHandler
                0x08000fbc                USB_HP_IRQHandler
                0x08000fbc                CORDIC_IRQHandler
                0x08000fbc                SysTick_Handler
                0x08000fbc                HRTIM1_TIMD_IRQHandler
                0x08000fbc                PendSV_Handler
                0x08000fbc                DMA2_Channel8_IRQHandler
                0x08000fbc                EXTI3_IRQHandler
                0x08000fbc                I2C3_ER_IRQHandler
                0x08000fbc                EXTI0_IRQHandler
                0x08000fbc                I2C2_EV_IRQHandler
                0x08000fbc                FPU_IRQHandler
                0x08000fbc                FDCAN1_IT1_IRQHandler
                0x08000fbc                TIM1_UP_TIM16_IRQHandler
                0x08000fbc                ADC1_2_IRQHandler
                0x08000fbc                HRTIM1_TIME_IRQHandler
                0x08000fbc                SPI1_IRQHandler
                0x08000fbc                TIM6_DAC_IRQHandler
                0x08000fbc                HRTIM1_TIMC_IRQHandler
                0x08000fbc                TIM8_UP_IRQHandler
                0x08000fbc                DMA2_Channel2_IRQHandler
                0x08000fbc                DMA1_Channel4_IRQHandler
                0x08000fbc                TIM20_TRG_COM_IRQHandler
                0x08000fbc                USART3_IRQHandler
                0x08000fbc                DMA1_Channel7_IRQHandler
                0x08000fbc                UART5_IRQHandler
                0x08000fbc                ADC3_IRQHandler
                0x08000fbc                TIM4_IRQHandler
                0x08000fbc                DMA2_Channel1_IRQHandler
                0x08000fbc                QUADSPI_IRQHandler
                0x08000fbc                I2C1_EV_IRQHandler
                0x08000fbc                DMA1_Channel6_IRQHandler
                0x08000fbc                UART4_IRQHandler
                0x08000fbc                DMA2_Channel4_IRQHandler
                0x08000fbc                TIM3_IRQHandler
                0x08000fbc                RCC_IRQHandler
                0x08000fbc                TIM20_UP_IRQHandler
                0x08000fbc                DMA1_Channel1_IRQHandler
                0x08000fbc                Default_Handler
                0x08000fbc                DMA2_Channel7_IRQHandler
                0x08000fbc                RTC_TAMP_LSECSS_IRQHandler
                0x08000fbc                FMAC_IRQHandler
                0x08000fbc                EXTI15_10_IRQHandler
                0x08000fbc                DMA1_Channel8_IRQHandler
                0x08000fbc                HRTIM1_TIMA_IRQHandler
                0x08000fbc                TIM7_DAC_IRQHandler
                0x08000fbc                FDCAN3_IT1_IRQHandler
                0x08000fbc                TIM5_IRQHandler
                0x08000fbc                UCPD1_IRQHandler
                0x08000fbc                I2C3_EV_IRQHandler
                0x08000fbc                EXTI9_5_IRQHandler
                0x08000fbc                RTC_WKUP_IRQHandler
                0x08000fbc                PVD_PVM_IRQHandler
                0x08000fbc                SPI2_IRQHandler
                0x08000fbc                ADC5_IRQHandler
                0x08000fbc                DMA2_Channel5_IRQHandler
                0x08000fbc                CRS_IRQHandler
                0x08000fbc                DMA1_Channel5_IRQHandler
                0x08000fbc                USB_LP_IRQHandler
                0x08000fbc                EXTI4_IRQHandler
                0x08000fbc                RNG_IRQHandler
                0x08000fbc                HRTIM1_TIMB_IRQHandler
                0x08000fbc                TIM1_TRG_COM_TIM17_IRQHandler
                0x08000fbc                FDCAN2_IT1_IRQHandler
                0x08000fbc                DMA1_Channel3_IRQHandler
                0x08000fbc                ADC4_IRQHandler
                0x08000fbc                WWDG_IRQHandler
                0x08000fbc                I2C4_EV_IRQHandler
                0x08000fbc                FDCAN2_IT0_IRQHandler
                0x08000fbc                LPUART1_IRQHandler
                0x08000fbc                DMA2_Channel6_IRQHandler
                0x08000fbc                FDCAN1_IT0_IRQHandler
                0x08000fbc                TIM2_IRQHandler
                0x08000fbc                COMP7_IRQHandler
                0x08000fbc                COMP1_2_3_IRQHandler
                0x08000fbc                EXTI1_IRQHandler
                0x08000fbc                USART2_IRQHandler
                0x08000fbc                COMP4_5_6_IRQHandler
                0x08000fbc                TIM20_BRK_IRQHandler
                0x08000fbc                I2C2_ER_IRQHandler
                0x08000fbc                DMA1_Channel2_IRQHandler
                0x08000fbc                TIM8_BRK_IRQHandler
                0x08000fbc                FLASH_IRQHandler
                0x08000fbc                TIM20_CC_IRQHandler
                0x08000fbc                USART1_IRQHandler
                0x08000fbc                SPI3_IRQHandler
                0x08000fbc                I2C1_ER_IRQHandler
                0x08000fbc                FMC_IRQHandler
                0x08000fbc                LPTIM1_IRQHandler
                0x08000fbc                DMAMUX_OVR_IRQHandler
                0x08000fbc                I2C4_ER_IRQHandler
                0x08000fbc                USBWakeUp_IRQHandler
                0x08000fbc                SAI1_IRQHandler
                0x08000fbc                DMA2_Channel3_IRQHandler
                0x08000fbc                TIM1_BRK_TIM15_IRQHandler
 .text.arm_cmplx_mag_f32
                0x08000fbe       0x88 ./Drivers/CMSIS/DSP/Source/ComplexMathFunctions/arm_cmplx_mag_f32.o
                0x08000fbe                arm_cmplx_mag_f32
 .text.arm_bitreversal_32
                0x08001046       0xb2 ./Drivers/CMSIS/DSP/Source/TransformFunctions/arm_bitreversal2.o
                0x08001046                arm_bitreversal_32
 .text.arm_cfft_radix8by2_f32
                0x080010f8      0x3e8 ./Drivers/CMSIS/DSP/Source/TransformFunctions/arm_cfft_f32.o
                0x080010f8                arm_cfft_radix8by2_f32
 .text.arm_cfft_radix8by4_f32
                0x080014e0      0xc60 ./Drivers/CMSIS/DSP/Source/TransformFunctions/arm_cfft_f32.o
                0x080014e0                arm_cfft_radix8by4_f32
 .text.arm_cfft_f32
                0x08002140      0x174 ./Drivers/CMSIS/DSP/Source/TransformFunctions/arm_cfft_f32.o
                0x08002140                arm_cfft_f32
 .text.arm_radix8_butterfly_f32
                0x080022b4     0x100c ./Drivers/CMSIS/DSP/Source/TransformFunctions/arm_cfft_radix8_f32.o
                0x080022b4                arm_radix8_butterfly_f32
 .text.stage_rfft_f32
                0x080032c0      0x1ca ./Drivers/CMSIS/DSP/Source/TransformFunctions/arm_rfft_fast_f32.o
                0x080032c0                stage_rfft_f32
 .text.merge_rfft_f32
                0x0800348a      0x192 ./Drivers/CMSIS/DSP/Source/TransformFunctions/arm_rfft_fast_f32.o
                0x0800348a                merge_rfft_f32
 .text.arm_rfft_fast_f32
                0x0800361c       0x5a ./Drivers/CMSIS/DSP/Source/TransformFunctions/arm_rfft_fast_f32.o
                0x0800361c                arm_rfft_fast_f32
 *fill*         0x08003676        0x2 
 .text.arm_rfft_32_fast_init_f32
                0x08003678       0x58 ./Drivers/CMSIS/DSP/Source/TransformFunctions/arm_rfft_fast_init_f32.o
                0x08003678                arm_rfft_32_fast_init_f32
 .text.arm_rfft_64_fast_init_f32
                0x080036d0       0x58 ./Drivers/CMSIS/DSP/Source/TransformFunctions/arm_rfft_fast_init_f32.o
                0x080036d0                arm_rfft_64_fast_init_f32
 .text.arm_rfft_256_fast_init_f32
                0x08003728       0x58 ./Drivers/CMSIS/DSP/Source/TransformFunctions/arm_rfft_fast_init_f32.o
                0x08003728                arm_rfft_256_fast_init_f32
 .text.arm_rfft_512_fast_init_f32
                0x08003780       0x5c ./Drivers/CMSIS/DSP/Source/TransformFunctions/arm_rfft_fast_init_f32.o
                0x08003780                arm_rfft_512_fast_init_f32
 .text.arm_rfft_1024_fast_init_f32
                0x080037dc       0x5c ./Drivers/CMSIS/DSP/Source/TransformFunctions/arm_rfft_fast_init_f32.o
                0x080037dc                arm_rfft_1024_fast_init_f32
 .text.arm_rfft_2048_fast_init_f32
                0x08003838       0x5c ./Drivers/CMSIS/DSP/Source/TransformFunctions/arm_rfft_fast_init_f32.o
                0x08003838                arm_rfft_2048_fast_init_f32
 .text.arm_rfft_4096_fast_init_f32
                0x08003894       0x5c ./Drivers/CMSIS/DSP/Source/TransformFunctions/arm_rfft_fast_init_f32.o
                0x08003894                arm_rfft_4096_fast_init_f32
 .text.arm_rfft_fast_init_f32
                0x080038f0       0xc0 ./Drivers/CMSIS/DSP/Source/TransformFunctions/arm_rfft_fast_init_f32.o
                0x080038f0                arm_rfft_fast_init_f32
 .text.HAL_Init
                0x080039b0       0x30 ./Drivers/STM32G4xx_HAL_Driver/Src/stm32g4xx_hal.o
                0x080039b0                HAL_Init
 .text.HAL_InitTick
                0x080039e0       0x74 ./Drivers/STM32G4xx_HAL_Driver/Src/stm32g4xx_hal.o
                0x080039e0                HAL_InitTick
 .text.HAL_GetTick
                0x08003a54       0x18 ./Drivers/STM32G4xx_HAL_Driver/Src/stm32g4xx_hal.o
                0x08003a54                HAL_GetTick
 .text.HAL_Delay
                0x08003a6c       0x44 ./Drivers/STM32G4xx_HAL_Driver/Src/stm32g4xx_hal.o
                0x08003a6c                HAL_Delay
 .text.LL_ADC_SetCommonClock
                0x08003ab0       0x26 ./Drivers/STM32G4xx_HAL_Driver/Src/stm32g4xx_hal_adc.o
 .text.LL_ADC_SetCommonPathInternalCh
                0x08003ad6       0x26 ./Drivers/STM32G4xx_HAL_Driver/Src/stm32g4xx_hal_adc.o
 .text.LL_ADC_GetCommonPathInternalCh
                0x08003afc       0x1c ./Drivers/STM32G4xx_HAL_Driver/Src/stm32g4xx_hal_adc.o
 .text.LL_ADC_SetOffset
                0x08003b18       0x48 ./Drivers/STM32G4xx_HAL_Driver/Src/stm32g4xx_hal_adc.o
 .text.LL_ADC_GetOffsetChannel
                0x08003b60       0x2c ./Drivers/STM32G4xx_HAL_Driver/Src/stm32g4xx_hal_adc.o
 .text.LL_ADC_SetOffsetState
                0x08003b8c       0x36 ./Drivers/STM32G4xx_HAL_Driver/Src/stm32g4xx_hal_adc.o
 .text.LL_ADC_SetOffsetSign
                0x08003bc2       0x36 ./Drivers/STM32G4xx_HAL_Driver/Src/stm32g4xx_hal_adc.o
 .text.LL_ADC_SetOffsetSaturation
                0x08003bf8       0x36 ./Drivers/STM32G4xx_HAL_Driver/Src/stm32g4xx_hal_adc.o
 .text.LL_ADC_SetSamplingTimeCommonConfig
                0x08003c2e       0x26 ./Drivers/STM32G4xx_HAL_Driver/Src/stm32g4xx_hal_adc.o
 .text.LL_ADC_REG_IsTriggerSourceSWStart
                0x08003c54       0x26 ./Drivers/STM32G4xx_HAL_Driver/Src/stm32g4xx_hal_adc.o
 .text.LL_ADC_REG_SetSequencerRanks
                0x08003c7a       0x58 ./Drivers/STM32G4xx_HAL_Driver/Src/stm32g4xx_hal_adc.o
 .text.LL_ADC_SetChannelSamplingTime
                0x08003cd2       0x56 ./Drivers/STM32G4xx_HAL_Driver/Src/stm32g4xx_hal_adc.o
 .text.LL_ADC_SetChannelSingleDiff
                0x08003d28       0x48 ./Drivers/STM32G4xx_HAL_Driver/Src/stm32g4xx_hal_adc.o
 .text.LL_ADC_GetMultimode
                0x08003d70       0x1c ./Drivers/STM32G4xx_HAL_Driver/Src/stm32g4xx_hal_adc.o
 .text.LL_ADC_DisableDeepPowerDown
                0x08003d8c       0x24 ./Drivers/STM32G4xx_HAL_Driver/Src/stm32g4xx_hal_adc.o
 .text.LL_ADC_IsDeepPowerDownEnabled
                0x08003db0       0x28 ./Drivers/STM32G4xx_HAL_Driver/Src/stm32g4xx_hal_adc.o
 .text.LL_ADC_EnableInternalRegulator
                0x08003dd8       0x28 ./Drivers/STM32G4xx_HAL_Driver/Src/stm32g4xx_hal_adc.o
 .text.LL_ADC_IsInternalRegulatorEnabled
                0x08003e00       0x28 ./Drivers/STM32G4xx_HAL_Driver/Src/stm32g4xx_hal_adc.o
 .text.LL_ADC_Enable
                0x08003e28       0x28 ./Drivers/STM32G4xx_HAL_Driver/Src/stm32g4xx_hal_adc.o
 .text.LL_ADC_Disable
                0x08003e50       0x28 ./Drivers/STM32G4xx_HAL_Driver/Src/stm32g4xx_hal_adc.o
 .text.LL_ADC_IsEnabled
                0x08003e78       0x26 ./Drivers/STM32G4xx_HAL_Driver/Src/stm32g4xx_hal_adc.o
 .text.LL_ADC_IsDisableOngoing
                0x08003e9e       0x26 ./Drivers/STM32G4xx_HAL_Driver/Src/stm32g4xx_hal_adc.o
 .text.LL_ADC_REG_StartConversion
                0x08003ec4       0x28 ./Drivers/STM32G4xx_HAL_Driver/Src/stm32g4xx_hal_adc.o
 .text.LL_ADC_REG_IsConversionOngoing
                0x08003eec       0x26 ./Drivers/STM32G4xx_HAL_Driver/Src/stm32g4xx_hal_adc.o
 .text.LL_ADC_INJ_IsConversionOngoing
                0x08003f12       0x26 ./Drivers/STM32G4xx_HAL_Driver/Src/stm32g4xx_hal_adc.o
 .text.HAL_ADC_Init
                0x08003f38      0x378 ./Drivers/STM32G4xx_HAL_Driver/Src/stm32g4xx_hal_adc.o
                0x08003f38                HAL_ADC_Init
 .text.HAL_ADC_Start_DMA
                0x080042b0      0x1a8 ./Drivers/STM32G4xx_HAL_Driver/Src/stm32g4xx_hal_adc.o
                0x080042b0                HAL_ADC_Start_DMA
 .text.HAL_ADC_ErrorCallback
                0x08004458       0x14 ./Drivers/STM32G4xx_HAL_Driver/Src/stm32g4xx_hal_adc.o
                0x08004458                HAL_ADC_ErrorCallback
 .text.HAL_ADC_ConfigChannel
                0x0800446c      0x880 ./Drivers/STM32G4xx_HAL_Driver/Src/stm32g4xx_hal_adc.o
                0x0800446c                HAL_ADC_ConfigChannel
 .text.ADC_Enable
                0x08004cec      0x12c ./Drivers/STM32G4xx_HAL_Driver/Src/stm32g4xx_hal_adc.o
                0x08004cec                ADC_Enable
 .text.ADC_Disable
                0x08004e18       0xbe ./Drivers/STM32G4xx_HAL_Driver/Src/stm32g4xx_hal_adc.o
                0x08004e18                ADC_Disable
 .text.ADC_DMAConvCplt
                0x08004ed6       0xd8 ./Drivers/STM32G4xx_HAL_Driver/Src/stm32g4xx_hal_adc.o
                0x08004ed6                ADC_DMAConvCplt
 .text.ADC_DMAHalfConvCplt
                0x08004fae       0x1c ./Drivers/STM32G4xx_HAL_Driver/Src/stm32g4xx_hal_adc.o
                0x08004fae                ADC_DMAHalfConvCplt
 .text.ADC_DMAError
                0x08004fca       0x34 ./Drivers/STM32G4xx_HAL_Driver/Src/stm32g4xx_hal_adc.o
                0x08004fca                ADC_DMAError
 .text.LL_ADC_IsEnabled
                0x08004ffe       0x26 ./Drivers/STM32G4xx_HAL_Driver/Src/stm32g4xx_hal_adc_ex.o
 .text.LL_ADC_StartCalibration
                0x08005024       0x32 ./Drivers/STM32G4xx_HAL_Driver/Src/stm32g4xx_hal_adc_ex.o
 .text.LL_ADC_IsCalibrationOnGoing
                0x08005056       0x28 ./Drivers/STM32G4xx_HAL_Driver/Src/stm32g4xx_hal_adc_ex.o
 .text.LL_ADC_REG_IsConversionOngoing
                0x0800507e       0x26 ./Drivers/STM32G4xx_HAL_Driver/Src/stm32g4xx_hal_adc_ex.o
 .text.HAL_ADCEx_Calibration_Start
                0x080050a4       0xc4 ./Drivers/STM32G4xx_HAL_Driver/Src/stm32g4xx_hal_adc_ex.o
                0x080050a4                HAL_ADCEx_Calibration_Start
 .text.HAL_ADCEx_MultiModeConfigChannel
                0x08005168      0x210 ./Drivers/STM32G4xx_HAL_Driver/Src/stm32g4xx_hal_adc_ex.o
                0x08005168                HAL_ADCEx_MultiModeConfigChannel
 .text.__NVIC_SetPriorityGrouping
                0x08005378       0x48 ./Drivers/STM32G4xx_HAL_Driver/Src/stm32g4xx_hal_cortex.o
 .text.__NVIC_GetPriorityGrouping
                0x080053c0       0x1c ./Drivers/STM32G4xx_HAL_Driver/Src/stm32g4xx_hal_cortex.o
 .text.__NVIC_EnableIRQ
                0x080053dc       0x3c ./Drivers/STM32G4xx_HAL_Driver/Src/stm32g4xx_hal_cortex.o
 .text.__NVIC_SetPriority
                0x08005418       0x54 ./Drivers/STM32G4xx_HAL_Driver/Src/stm32g4xx_hal_cortex.o
 .text.NVIC_EncodePriority
                0x0800546c       0x66 ./Drivers/STM32G4xx_HAL_Driver/Src/stm32g4xx_hal_cortex.o
 *fill*         0x080054d2        0x2 
 .text.SysTick_Config
                0x080054d4       0x44 ./Drivers/STM32G4xx_HAL_Driver/Src/stm32g4xx_hal_cortex.o
 .text.HAL_NVIC_SetPriorityGrouping
                0x08005518       0x16 ./Drivers/STM32G4xx_HAL_Driver/Src/stm32g4xx_hal_cortex.o
                0x08005518                HAL_NVIC_SetPriorityGrouping
 .text.HAL_NVIC_SetPriority
                0x0800552e       0x34 ./Drivers/STM32G4xx_HAL_Driver/Src/stm32g4xx_hal_cortex.o
                0x0800552e                HAL_NVIC_SetPriority
 .text.HAL_NVIC_EnableIRQ
                0x08005562       0x1c ./Drivers/STM32G4xx_HAL_Driver/Src/stm32g4xx_hal_cortex.o
                0x08005562                HAL_NVIC_EnableIRQ
 .text.HAL_SYSTICK_Config
                0x0800557e       0x18 ./Drivers/STM32G4xx_HAL_Driver/Src/stm32g4xx_hal_cortex.o
                0x0800557e                HAL_SYSTICK_Config
 *fill*         0x08005596        0x2 
 .text.HAL_DMA_Init
                0x08005598      0x150 ./Drivers/STM32G4xx_HAL_Driver/Src/stm32g4xx_hal_dma.o
                0x08005598                HAL_DMA_Init
 .text.HAL_DMA_Start_IT
                0x080056e8       0xf6 ./Drivers/STM32G4xx_HAL_Driver/Src/stm32g4xx_hal_dma.o
                0x080056e8                HAL_DMA_Start_IT
 .text.HAL_DMA_Abort
                0x080057de       0xbc ./Drivers/STM32G4xx_HAL_Driver/Src/stm32g4xx_hal_dma.o
                0x080057de                HAL_DMA_Abort
 .text.HAL_DMA_GetError
                0x0800589a       0x18 ./Drivers/STM32G4xx_HAL_Driver/Src/stm32g4xx_hal_dma.o
                0x0800589a                HAL_DMA_GetError
 .text.DMA_SetConfig
                0x080058b2       0x7c ./Drivers/STM32G4xx_HAL_Driver/Src/stm32g4xx_hal_dma.o
 *fill*         0x0800592e        0x2 
 .text.DMA_CalcDMAMUXChannelBaseAndMask
                0x08005930       0x90 ./Drivers/STM32G4xx_HAL_Driver/Src/stm32g4xx_hal_dma.o
 .text.DMA_CalcDMAMUXRequestGenBaseAndMask
                0x080059c0       0x4c ./Drivers/STM32G4xx_HAL_Driver/Src/stm32g4xx_hal_dma.o
 .text.HAL_GPIO_Init
                0x08005a0c      0x318 ./Drivers/STM32G4xx_HAL_Driver/Src/stm32g4xx_hal_gpio.o
                0x08005a0c                HAL_GPIO_Init
 .text.HAL_PWREx_ControlVoltageScaling
                0x08005d24      0x148 ./Drivers/STM32G4xx_HAL_Driver/Src/stm32g4xx_hal_pwr_ex.o
                0x08005d24                HAL_PWREx_ControlVoltageScaling
 .text.HAL_PWREx_DisableUCPDDeadBattery
                0x08005e6c       0x20 ./Drivers/STM32G4xx_HAL_Driver/Src/stm32g4xx_hal_pwr_ex.o
                0x08005e6c                HAL_PWREx_DisableUCPDDeadBattery
 .text.HAL_RCC_OscConfig
                0x08005e8c      0x624 ./Drivers/STM32G4xx_HAL_Driver/Src/stm32g4xx_hal_rcc.o
                0x08005e8c                HAL_RCC_OscConfig
 .text.HAL_RCC_ClockConfig
                0x080064b0      0x278 ./Drivers/STM32G4xx_HAL_Driver/Src/stm32g4xx_hal_rcc.o
                0x080064b0                HAL_RCC_ClockConfig
 .text.HAL_RCC_GetSysClockFreq
                0x08006728       0xc4 ./Drivers/STM32G4xx_HAL_Driver/Src/stm32g4xx_hal_rcc.o
                0x08006728                HAL_RCC_GetSysClockFreq
 .text.HAL_RCC_GetHCLKFreq
                0x080067ec       0x18 ./Drivers/STM32G4xx_HAL_Driver/Src/stm32g4xx_hal_rcc.o
                0x080067ec                HAL_RCC_GetHCLKFreq
 .text.HAL_RCC_GetPCLK1Freq
                0x08006804       0x2c ./Drivers/STM32G4xx_HAL_Driver/Src/stm32g4xx_hal_rcc.o
                0x08006804                HAL_RCC_GetPCLK1Freq
 .text.HAL_RCC_GetPCLK2Freq
                0x08006830       0x2c ./Drivers/STM32G4xx_HAL_Driver/Src/stm32g4xx_hal_rcc.o
                0x08006830                HAL_RCC_GetPCLK2Freq
 .text.RCC_GetSysClockFreqFromPLLSource
                0x0800685c       0x8c ./Drivers/STM32G4xx_HAL_Driver/Src/stm32g4xx_hal_rcc.o
 .text.HAL_RCCEx_PeriphCLKConfig
                0x080068e8      0x49c ./Drivers/STM32G4xx_HAL_Driver/Src/stm32g4xx_hal_rcc_ex.o
                0x080068e8                HAL_RCCEx_PeriphCLKConfig
 .text.HAL_TIM_Base_Init
                0x08006d84       0xae ./Drivers/STM32G4xx_HAL_Driver/Src/stm32g4xx_hal_tim.o
                0x08006d84                HAL_TIM_Base_Init
 *fill*         0x08006e32        0x2 
 .text.HAL_TIM_Base_Start
                0x08006e34       0xe0 ./Drivers/STM32G4xx_HAL_Driver/Src/stm32g4xx_hal_tim.o
                0x08006e34                HAL_TIM_Base_Start
 .text.TIM_Base_SetConfig
                0x08006f14      0x15c ./Drivers/STM32G4xx_HAL_Driver/Src/stm32g4xx_hal_tim.o
                0x08006f14                TIM_Base_SetConfig
 .text.HAL_TIMEx_MasterConfigSynchronization
                0x08007070      0x12c ./Drivers/STM32G4xx_HAL_Driver/Src/stm32g4xx_hal_tim_ex.o
                0x08007070                HAL_TIMEx_MasterConfigSynchronization
 .text.HAL_UART_Init
                0x0800719c       0xa0 ./Drivers/STM32G4xx_HAL_Driver/Src/stm32g4xx_hal_uart.o
                0x0800719c                HAL_UART_Init
 .text.HAL_UART_Transmit
                0x0800723c      0x132 ./Drivers/STM32G4xx_HAL_Driver/Src/stm32g4xx_hal_uart.o
                0x0800723c                HAL_UART_Transmit
 *fill*         0x0800736e        0x2 
 .text.HAL_UART_Transmit_DMA
                0x08007370      0x100 ./Drivers/STM32G4xx_HAL_Driver/Src/stm32g4xx_hal_uart.o
                0x08007370                HAL_UART_Transmit_DMA
 .text.HAL_UART_Abort
                0x08007470      0x20a ./Drivers/STM32G4xx_HAL_Driver/Src/stm32g4xx_hal_uart.o
                0x08007470                HAL_UART_Abort
 .text.HAL_UART_TxHalfCpltCallback
                0x0800767a       0x14 ./Drivers/STM32G4xx_HAL_Driver/Src/stm32g4xx_hal_uart.o
                0x0800767a                HAL_UART_TxHalfCpltCallback
 *fill*         0x0800768e        0x2 
 .text.UART_SetConfig
                0x08007690      0x5f8 ./Drivers/STM32G4xx_HAL_Driver/Src/stm32g4xx_hal_uart.o
                0x08007690                UART_SetConfig
 .text.UART_AdvFeatureConfig
                0x08007c88      0x144 ./Drivers/STM32G4xx_HAL_Driver/Src/stm32g4xx_hal_uart.o
                0x08007c88                UART_AdvFeatureConfig
 .text.UART_CheckIdleState
                0x08007dcc      0x154 ./Drivers/STM32G4xx_HAL_Driver/Src/stm32g4xx_hal_uart.o
                0x08007dcc                UART_CheckIdleState
 .text.UART_WaitOnFlagUntilTimeout
                0x08007f20       0xda ./Drivers/STM32G4xx_HAL_Driver/Src/stm32g4xx_hal_uart.o
                0x08007f20                UART_WaitOnFlagUntilTimeout
 .text.UART_EndTxTransfer
                0x08007ffa       0x82 ./Drivers/STM32G4xx_HAL_Driver/Src/stm32g4xx_hal_uart.o
 .text.UART_EndRxTransfer
                0x0800807c       0xcc ./Drivers/STM32G4xx_HAL_Driver/Src/stm32g4xx_hal_uart.o
 .text.UART_DMATransmitCplt
                0x08008148       0x9a ./Drivers/STM32G4xx_HAL_Driver/Src/stm32g4xx_hal_uart.o
 .text.UART_DMATxHalfCplt
                0x080081e2       0x1c ./Drivers/STM32G4xx_HAL_Driver/Src/stm32g4xx_hal_uart.o
 .text.UART_DMAError
                0x080081fe       0x70 ./Drivers/STM32G4xx_HAL_Driver/Src/stm32g4xx_hal_uart.o
 .text.memset   0x0800826e       0x10 /home/anon/st/stm32cubeide_1.19.0_2/plugins/com.st.stm32cube.ide.mcu.externaltools.gnu-tools-for-stm32.13.3.rel1.linux64_1.0.0.202410170706/tools/bin/../lib/gcc/arm-none-eabi/13.3.1/../../../../arm-none-eabi/lib/thumb/v7e-m+fp/hard/libc_nano.a(libc_a-memset.o)
                0x0800826e                memset
 *fill*         0x0800827e        0x2 
 .text.__errno  0x08008280        0xc /home/anon/st/stm32cubeide_1.19.0_2/plugins/com.st.stm32cube.ide.mcu.externaltools.gnu-tools-for-stm32.13.3.rel1.linux64_1.0.0.202410170706/tools/bin/../lib/gcc/arm-none-eabi/13.3.1/../../../../arm-none-eabi/lib/thumb/v7e-m+fp/hard/libc_nano.a(libc_a-errno.o)
                0x08008280                __errno
 .text.__libc_init_array
                0x0800828c       0x48 /home/anon/st/stm32cubeide_1.19.0_2/plugins/com.st.stm32cube.ide.mcu.externaltools.gnu-tools-for-stm32.13.3.rel1.linux64_1.0.0.202410170706/tools/bin/../lib/gcc/arm-none-eabi/13.3.1/../../../../arm-none-eabi/lib/thumb/v7e-m+fp/hard/libc_nano.a(libc_a-init.o)
                0x0800828c                __libc_init_array
 .text.memcpy   0x080082d4       0x1c /home/anon/st/stm32cubeide_1.19.0_2/plugins/com.st.stm32cube.ide.mcu.externaltools.gnu-tools-for-stm32.13.3.rel1.linux64_1.0.0.202410170706/tools/bin/../lib/gcc/arm-none-eabi/13.3.1/../../../../arm-none-eabi/lib/thumb/v7e-m+fp/hard/libc_nano.a(libc_a-memcpy-stub.o)
                0x080082d4                memcpy
 .text.sqrtf    0x080082f0       0x3c /home/anon/st/stm32cubeide_1.19.0_2/plugins/com.st.stm32cube.ide.mcu.externaltools.gnu-tools-for-stm32.13.3.rel1.linux64_1.0.0.202410170706/tools/bin/../lib/gcc/arm-none-eabi/13.3.1/../../../../arm-none-eabi/lib/thumb/v7e-m+fp/hard/libm.a(libm_a-wf_sqrt.o)
                0x080082f0                sqrtf
 .text.cosf     0x0800832c       0x88 /home/anon/st/stm32cubeide_1.19.0_2/plugins/com.st.stm32cube.ide.mcu.externaltools.gnu-tools-for-stm32.13.3.rel1.linux64_1.0.0.202410170706/tools/bin/../lib/gcc/arm-none-eabi/13.3.1/../../../../arm-none-eabi/lib/thumb/v7e-m+fp/hard/libm.a(libm_a-sf_cos.o)
                0x0800832c                cosf
 .text.sinf     0x080083b4       0x8c /home/anon/st/stm32cubeide_1.19.0_2/plugins/com.st.stm32cube.ide.mcu.externaltools.gnu-tools-for-stm32.13.3.rel1.linux64_1.0.0.202410170706/tools/bin/../lib/gcc/arm-none-eabi/13.3.1/../../../../arm-none-eabi/lib/thumb/v7e-m+fp/hard/libm.a(libm_a-sf_sin.o)
                0x080083b4                sinf
 .text.__ieee754_sqrtf
                0x08008440        0x6 /home/anon/st/stm32cubeide_1.19.0_2/plugins/com.st.stm32cube.ide.mcu.externaltools.gnu-tools-for-stm32.13.3.rel1.linux64_1.0.0.202410170706/tools/bin/../lib/gcc/arm-none-eabi/13.3.1/../../../../arm-none-eabi/lib/thumb/v7e-m+fp/hard/libm.a(libm_a-ef_sqrt.o)
                0x08008440                __ieee754_sqrtf
 *fill*         0x08008446        0x2 
 .text.__kernel_cosf
                0x08008448       0xb0 /home/anon/st/stm32cubeide_1.19.0_2/plugins/com.st.stm32cube.ide.mcu.externaltools.gnu-tools-for-stm32.13.3.rel1.linux64_1.0.0.202410170706/tools/bin/../lib/gcc/arm-none-eabi/13.3.1/../../../../arm-none-eabi/lib/thumb/v7e-m+fp/hard/libm.a(libm_a-kf_cos.o)
                0x08008448                __kernel_cosf
 .text.__kernel_sinf
                0x080084f8       0x90 /home/anon/st/stm32cubeide_1.19.0_2/plugins/com.st.stm32cube.ide.mcu.externaltools.gnu-tools-for-stm32.13.3.rel1.linux64_1.0.0.202410170706/tools/bin/../lib/gcc/arm-none-eabi/13.3.1/../../../../arm-none-eabi/lib/thumb/v7e-m+fp/hard/libm.a(libm_a-kf_sin.o)
                0x080084f8                __kernel_sinf
 .text.__ieee754_rem_pio2f
                0x08008588      0x260 /home/anon/st/stm32cubeide_1.19.0_2/plugins/com.st.stm32cube.ide.mcu.externaltools.gnu-tools-for-stm32.13.3.rel1.linux64_1.0.0.202410170706/tools/bin/../lib/gcc/arm-none-eabi/13.3.1/../../../../arm-none-eabi/lib/thumb/v7e-m+fp/hard/libm.a(libm_a-ef_rem_pio2.o)
                0x08008588                __ieee754_rem_pio2f
 .text.fabsf    0x080087e8        0xe /home/anon/st/stm32cubeide_1.19.0_2/plugins/com.st.stm32cube.ide.mcu.externaltools.gnu-tools-for-stm32.13.3.rel1.linux64_1.0.0.202410170706/tools/bin/../lib/gcc/arm-none-eabi/13.3.1/../../../../arm-none-eabi/lib/thumb/v7e-m+fp/hard/libm.a(libm_a-sf_fabs.o)
                0x080087e8                fabsf
 *fill*         0x080087f6        0x2 
 .text.__kernel_rem_pio2f
                0x080087f8      0x4d0 /home/anon/st/stm32cubeide_1.19.0_2/plugins/com.st.stm32cube.ide.mcu.externaltools.gnu-tools-for-stm32.13.3.rel1.linux64_1.0.0.202410170706/tools/bin/../lib/gcc/arm-none-eabi/13.3.1/../../../../arm-none-eabi/lib/thumb/v7e-m+fp/hard/libm.a(libm_a-kf_rem_pio2.o)
                0x080087f8                __kernel_rem_pio2f
 .text.scalbnf  0x08008cc8       0xcc /home/anon/st/stm32cubeide_1.19.0_2/plugins/com.st.stm32cube.ide.mcu.externaltools.gnu-tools-for-stm32.13.3.rel1.linux64_1.0.0.202410170706/tools/bin/../lib/gcc/arm-none-eabi/13.3.1/../../../../arm-none-eabi/lib/thumb/v7e-m+fp/hard/libm.a(libm_a-sf_scalbn.o)
                0x08008cc8                scalbnf
 .text.floorf   0x08008d94       0x88 /home/anon/st/stm32cubeide_1.19.0_2/plugins/com.st.stm32cube.ide.mcu.externaltools.gnu-tools-for-stm32.13.3.rel1.linux64_1.0.0.202410170706/tools/bin/../lib/gcc/arm-none-eabi/13.3.1/../../../../arm-none-eabi/lib/thumb/v7e-m+fp/hard/libm.a(libm_a-sf_floor.o)
                0x08008d94                floorf
 *(.glue_7)
 .glue_7        0x08008e1c        0x0 linker stubs
 *(.glue_7t)
 .glue_7t       0x08008e1c        0x0 linker stubs
 *(.eh_frame)
 .eh_frame      0x08008e1c        0x0 /home/anon/st/stm32cubeide_1.19.0_2/plugins/com.st.stm32cube.ide.mcu.externaltools.gnu-tools-for-stm32.13.3.rel1.linux64_1.0.0.202410170706/tools/bin/../lib/gcc/arm-none-eabi/13.3.1/thumb/v7e-m+fp/hard/crtbegin.o
 *(.init)
 .init          0x08008e1c        0x4 /home/anon/st/stm32cubeide_1.19.0_2/plugins/com.st.stm32cube.ide.mcu.externaltools.gnu-tools-for-stm32.13.3.rel1.linux64_1.0.0.202410170706/tools/bin/../lib/gcc/arm-none-eabi/13.3.1/thumb/v7e-m+fp/hard/crti.o
                0x08008e1c                _init
 .init          0x08008e20        0x8 /home/anon/st/stm32cubeide_1.19.0_2/plugins/com.st.stm32cube.ide.mcu.externaltools.gnu-tools-for-stm32.13.3.rel1.linux64_1.0.0.202410170706/tools/bin/../lib/gcc/arm-none-eabi/13.3.1/thumb/v7e-m+fp/hard/crtn.o
 *(.fini)
 .fini          0x08008e28        0x4 /home/anon/st/stm32cubeide_1.19.0_2/plugins/com.st.stm32cube.ide.mcu.externaltools.gnu-tools-for-stm32.13.3.rel1.linux64_1.0.0.202410170706/tools/bin/../lib/gcc/arm-none-eabi/13.3.1/thumb/v7e-m+fp/hard/crti.o
                0x08008e28                _fini
 .fini          0x08008e2c        0x8 /home/anon/st/stm32cubeide_1.19.0_2/plugins/com.st.stm32cube.ide.mcu.externaltools.gnu-tools-for-stm32.13.3.rel1.linux64_1.0.0.202410170706/tools/bin/../lib/gcc/arm-none-eabi/13.3.1/thumb/v7e-m+fp/hard/crtn.o
                0x08008e34                        . = ALIGN (0x4)
                0x08008e34                        _etext = .

.vfp11_veneer   0x08008e34        0x0
 .vfp11_veneer  0x08008e34        0x0 linker stubs

.v4_bx          0x08008e34        0x0
 .v4_bx         0x08008e34        0x0 linker stubs

.iplt           0x08008e34        0x0
 .iplt          0x08008e34        0x0 /home/anon/st/stm32cubeide_1.19.0_2/plugins/com.st.stm32cube.ide.mcu.externaltools.gnu-tools-for-stm32.13.3.rel1.linux64_1.0.0.202410170706/tools/bin/../lib/gcc/arm-none-eabi/13.3.1/thumb/v7e-m+fp/hard/crtbegin.o

.rodata         0x08008e34    0x1340c
                0x08008e34                        . = ALIGN (0x4)
 *(.rodata)
 .rodata        0x08008e34       0x24 ./Core/Src/main.o
 *(.rodata*)
 .rodata.AHBPrescTable
                0x08008e58       0x10 ./Core/Src/system_stm32g4xx.o
                0x08008e58                AHBPrescTable
 .rodata.APBPrescTable
                0x08008e68        0x8 ./Core/Src/system_stm32g4xx.o
                0x08008e68                APBPrescTable
 .rodata.twiddleCoef_16
                0x08008e70       0x80 ./Drivers/CMSIS/DSP/Source/CommonTables/arm_common_tables.o
                0x08008e70                twiddleCoef_16
 .rodata.twiddleCoef_32
                0x08008ef0      0x100 ./Drivers/CMSIS/DSP/Source/CommonTables/arm_common_tables.o
                0x08008ef0                twiddleCoef_32
 .rodata.twiddleCoef_128
                0x08008ff0      0x400 ./Drivers/CMSIS/DSP/Source/CommonTables/arm_common_tables.o
                0x08008ff0                twiddleCoef_128
 .rodata.twiddleCoef_256
                0x080093f0      0x800 ./Drivers/CMSIS/DSP/Source/CommonTables/arm_common_tables.o
                0x080093f0                twiddleCoef_256
 .rodata.twiddleCoef_512
                0x08009bf0     0x1000 ./Drivers/CMSIS/DSP/Source/CommonTables/arm_common_tables.o
                0x08009bf0                twiddleCoef_512
 .rodata.twiddleCoef_1024
                0x0800abf0     0x2000 ./Drivers/CMSIS/DSP/Source/CommonTables/arm_common_tables.o
                0x0800abf0                twiddleCoef_1024
 .rodata.twiddleCoef_2048
                0x0800cbf0     0x4000 ./Drivers/CMSIS/DSP/Source/CommonTables/arm_common_tables.o
                0x0800cbf0                twiddleCoef_2048
 .rodata.armBitRevIndexTable16
                0x08010bf0       0x28 ./Drivers/CMSIS/DSP/Source/CommonTables/arm_common_tables.o
                0x08010bf0                armBitRevIndexTable16
 .rodata.armBitRevIndexTable32
                0x08010c18       0x60 ./Drivers/CMSIS/DSP/Source/CommonTables/arm_common_tables.o
                0x08010c18                armBitRevIndexTable32
 .rodata.armBitRevIndexTable128
                0x08010c78      0x1a0 ./Drivers/CMSIS/DSP/Source/CommonTables/arm_common_tables.o
                0x08010c78                armBitRevIndexTable128
 .rodata.armBitRevIndexTable256
                0x08010e18      0x370 ./Drivers/CMSIS/DSP/Source/CommonTables/arm_common_tables.o
                0x08010e18                armBitRevIndexTable256
 .rodata.armBitRevIndexTable512
                0x08011188      0x380 ./Drivers/CMSIS/DSP/Source/CommonTables/arm_common_tables.o
                0x08011188                armBitRevIndexTable512
 .rodata.armBitRevIndexTable1024
                0x08011508      0xe10 ./Drivers/CMSIS/DSP/Source/CommonTables/arm_common_tables.o
                0x08011508                armBitRevIndexTable1024
 .rodata.armBitRevIndexTable2048
                0x08012318     0x1dc0 ./Drivers/CMSIS/DSP/Source/CommonTables/arm_common_tables.o
                0x08012318                armBitRevIndexTable2048
 .rodata.twiddleCoef_rfft_32
                0x080140d8       0x80 ./Drivers/CMSIS/DSP/Source/CommonTables/arm_common_tables.o
                0x080140d8                twiddleCoef_rfft_32
 .rodata.twiddleCoef_rfft_64
                0x08014158      0x100 ./Drivers/CMSIS/DSP/Source/CommonTables/arm_common_tables.o
                0x08014158                twiddleCoef_rfft_64
 .rodata.twiddleCoef_rfft_256
                0x08014258      0x400 ./Drivers/CMSIS/DSP/Source/CommonTables/arm_common_tables.o
                0x08014258                twiddleCoef_rfft_256
 .rodata.twiddleCoef_rfft_512
                0x08014658      0x800 ./Drivers/CMSIS/DSP/Source/CommonTables/arm_common_tables.o
                0x08014658                twiddleCoef_rfft_512
 .rodata.twiddleCoef_rfft_1024
                0x08014e58     0x1000 ./Drivers/CMSIS/DSP/Source/CommonTables/arm_common_tables.o
                0x08014e58                twiddleCoef_rfft_1024
 .rodata.twiddleCoef_rfft_2048
                0x08015e58     0x2000 ./Drivers/CMSIS/DSP/Source/CommonTables/arm_common_tables.o
                0x08015e58                twiddleCoef_rfft_2048
 .rodata.twiddleCoef_rfft_4096
                0x08017e58     0x4000 ./Drivers/CMSIS/DSP/Source/CommonTables/arm_common_tables.o
                0x08017e58                twiddleCoef_rfft_4096
 .rodata.UARTPrescTable
                0x0801be58       0x18 ./Drivers/STM32G4xx_HAL_Driver/Src/stm32g4xx_hal_uart.o
                0x0801be58                UARTPrescTable
 .rodata.npio2_hw
                0x0801be70       0x80 /home/anon/st/stm32cubeide_1.19.0_2/plugins/com.st.stm32cube.ide.mcu.externaltools.gnu-tools-for-stm32.13.3.rel1.linux64_1.0.0.202410170706/tools/bin/../lib/gcc/arm-none-eabi/13.3.1/../../../../arm-none-eabi/lib/thumb/v7e-m+fp/hard/libm.a(libm_a-ef_rem_pio2.o)
 .rodata.two_over_pi
                0x0801bef0      0x318 /home/anon/st/stm32cubeide_1.19.0_2/plugins/com.st.stm32cube.ide.mcu.externaltools.gnu-tools-for-stm32.13.3.rel1.linux64_1.0.0.202410170706/tools/bin/../lib/gcc/arm-none-eabi/13.3.1/../../../../arm-none-eabi/lib/thumb/v7e-m+fp/hard/libm.a(libm_a-ef_rem_pio2.o)
 .rodata.PIo2   0x0801c208       0x2c /home/anon/st/stm32cubeide_1.19.0_2/plugins/com.st.stm32cube.ide.mcu.externaltools.gnu-tools-for-stm32.13.3.rel1.linux64_1.0.0.202410170706/tools/bin/../lib/gcc/arm-none-eabi/13.3.1/../../../../arm-none-eabi/lib/thumb/v7e-m+fp/hard/libm.a(libm_a-kf_rem_pio2.o)
 .rodata.init_jk
                0x0801c234        0xc /home/anon/st/stm32cubeide_1.19.0_2/plugins/com.st.stm32cube.ide.mcu.externaltools.gnu-tools-for-stm32.13.3.rel1.linux64_1.0.0.202410170706/tools/bin/../lib/gcc/arm-none-eabi/13.3.1/../../../../arm-none-eabi/lib/thumb/v7e-m+fp/hard/libm.a(libm_a-kf_rem_pio2.o)
                0x0801c240                        . = ALIGN (0x4)

.ARM.extab      0x0801c240        0x0
                0x0801c240                        . = ALIGN (0x4)
 *(.ARM.extab* .gnu.linkonce.armextab.*)
                0x0801c240                        . = ALIGN (0x4)

.ARM            0x0801c240        0x8
                0x0801c240                        . = ALIGN (0x4)
                0x0801c240                        __exidx_start = .
 *(.ARM.exidx*)
 .ARM.exidx     0x0801c240        0x8 /home/anon/st/stm32cubeide_1.19.0_2/plugins/com.st.stm32cube.ide.mcu.externaltools.gnu-tools-for-stm32.13.3.rel1.linux64_1.0.0.202410170706/tools/bin/../lib/gcc/arm-none-eabi/13.3.1/thumb/v7e-m+fp/hard/libgcc.a(_udivmoddi4.o)
                0x0801c248                        __exidx_end = .
                0x0801c248                        . = ALIGN (0x4)

.preinit_array  0x0801c248        0x0
                0x0801c248                        . = ALIGN (0x4)
                0x0801c248                        PROVIDE (__preinit_array_start = .)
 *(.preinit_array*)
                0x0801c248                        PROVIDE (__preinit_array_end = .)
                0x0801c248                        . = ALIGN (0x4)

.init_array     0x0801c248        0x4
                0x0801c248                        . = ALIGN (0x4)
                0x0801c248                        PROVIDE (__init_array_start = .)
 *(SORT_BY_NAME(.init_array.*))
 *(.init_array*)
 .init_array    0x0801c248        0x4 /home/anon/st/stm32cubeide_1.19.0_2/plugins/com.st.stm32cube.ide.mcu.externaltools.gnu-tools-for-stm32.13.3.rel1.linux64_1.0.0.202410170706/tools/bin/../lib/gcc/arm-none-eabi/13.3.1/thumb/v7e-m+fp/hard/crtbegin.o
                0x0801c24c                        PROVIDE (__init_array_end = .)
                0x0801c24c                        . = ALIGN (0x4)

.fini_array     0x0801c24c        0x4
                0x0801c24c                        . = ALIGN (0x4)
                [!provide]                        PROVIDE (__fini_array_start = .)
 *(SORT_BY_NAME(.fini_array.*))
 *(.fini_array*)
 .fini_array    0x0801c24c        0x4 /home/anon/st/stm32cubeide_1.19.0_2/plugins/com.st.stm32cube.ide.mcu.externaltools.gnu-tools-for-stm32.13.3.rel1.linux64_1.0.0.202410170706/tools/bin/../lib/gcc/arm-none-eabi/13.3.1/thumb/v7e-m+fp/hard/crtbegin.o
                [!provide]                        PROVIDE (__fini_array_end = .)
                0x0801c250                        . = ALIGN (0x4)
                0x0801c250                        _sidata = LOADADDR (.data)

.rel.dyn        0x0801c250        0x0
 .rel.iplt      0x0801c250        0x0 /home/anon/st/stm32cubeide_1.19.0_2/plugins/com.st.stm32cube.ide.mcu.externaltools.gnu-tools-for-stm32.13.3.rel1.linux64_1.0.0.202410170706/tools/bin/../lib/gcc/arm-none-eabi/13.3.1/thumb/v7e-m+fp/hard/crtbegin.o

.data           0x20000000       0x60 load address 0x0801c250
                0x20000000                        . = ALIGN (0x4)
                0x20000000                        _sdata = .
 *(.data)
 *(.data*)
 .data.test_mode
                0x20000000        0x1 ./Core/Src/main.o
 *fill*         0x20000001        0x3 
 .data.SystemCoreClock
                0x20000004        0x4 ./Core/Src/system_stm32g4xx.o
                0x20000004                SystemCoreClock
 .data.uwTickPrio
                0x20000008        0x4 ./Drivers/STM32G4xx_HAL_Driver/Src/stm32g4xx_hal.o
                0x20000008                uwTickPrio
 .data.uwTickFreq
                0x2000000c        0x4 ./Drivers/STM32G4xx_HAL_Driver/Src/stm32g4xx_hal.o
                0x2000000c                uwTickFreq
 .data._impure_ptr
                0x20000010        0x4 /home/anon/st/stm32cubeide_1.19.0_2/plugins/com.st.stm32cube.ide.mcu.externaltools.gnu-tools-for-stm32.13.3.rel1.linux64_1.0.0.202410170706/tools/bin/../lib/gcc/arm-none-eabi/13.3.1/../../../../arm-none-eabi/lib/thumb/v7e-m+fp/hard/libc_nano.a(libc_a-impure.o)
                0x20000010                _impure_ptr
 .data._impure_data
                0x20000014       0x4c /home/anon/st/stm32cubeide_1.19.0_2/plugins/com.st.stm32cube.ide.mcu.externaltools.gnu-tools-for-stm32.13.3.rel1.linux64_1.0.0.202410170706/tools/bin/../lib/gcc/arm-none-eabi/13.3.1/../../../../arm-none-eabi/lib/thumb/v7e-m+fp/hard/libc_nano.a(libc_a-impure.o)
                0x20000014                _impure_data
 *(.RamFunc)
 *(.RamFunc*)
                0x20000060                        . = ALIGN (0x4)
                0x20000060                        _edata = .

.igot.plt       0x20000060        0x0 load address 0x0801c2b0
 .igot.plt      0x20000060        0x0 /home/anon/st/stm32cubeide_1.19.0_2/plugins/com.st.stm32cube.ide.mcu.externaltools.gnu-tools-for-stm32.13.3.rel1.linux64_1.0.0.202410170706/tools/bin/../lib/gcc/arm-none-eabi/13.3.1/thumb/v7e-m+fp/hard/crtbegin.o
                0x20000060                        . = ALIGN (0x4)

.bss            0x20000060     0x6334 load address 0x0801c2b0
                0x20000060                        _sbss = .
                0x20000060                        __bss_start__ = _sbss
 *(.bss)
 .bss           0x20000060       0x1c /home/anon/st/stm32cubeide_1.19.0_2/plugins/com.st.stm32cube.ide.mcu.externaltools.gnu-tools-for-stm32.13.3.rel1.linux64_1.0.0.202410170706/tools/bin/../lib/gcc/arm-none-eabi/13.3.1/thumb/v7e-m+fp/hard/crtbegin.o
 *(.bss*)
 .bss.hadc1     0x2000007c       0x6c ./Core/Src/main.o
                0x2000007c                hadc1
 .bss.hdma_adc1
                0x200000e8       0x60 ./Core/Src/main.o
                0x200000e8                hdma_adc1
 .bss.htim6     0x20000148       0x4c ./Core/Src/main.o
                0x20000148                htim6
 .bss.huart2    0x20000194       0x94 ./Core/Src/main.o
                0x20000194                huart2
 .bss.adc_dma_buf
                0x20000228     0x1000 ./Core/Src/main.o
 .bss.fft_input
                0x20001228     0x1000 ./Core/Src/main.o
 .bss.fft_output
                0x20002228     0x2000 ./Core/Src/main.o
 .bss.mag_buf   0x20004228      0x800 ./Core/Src/main.o
                0x20004228                mag_buf
 .bss.hann_window
                0x20004a28     0x1000 ./Core/Src/main.o
 .bss.fft_instance
                0x20005a28       0x18 ./Core/Src/main.o
 .bss.half_ready
                0x20005a40        0x1 ./Core/Src/main.o
 .bss.full_ready
                0x20005a41        0x1 ./Core/Src/main.o
 .bss.uart_tx_busy
                0x20005a42        0x1 ./Core/Src/main.o
                0x20005a42                uart_tx_busy
 *fill*         0x20005a43        0x1 
 .bss.frame_id  0x20005a44        0x4 ./Core/Src/main.o
 .bss.sample_count.2
                0x20005a48        0x4 ./Core/Src/main.o
 .bss.packet.0  0x20005a4c      0x80c ./Core/Src/main.o
 .bss.uwTick    0x20006258        0x4 ./Drivers/STM32G4xx_HAL_Driver/Src/stm32g4xx_hal.o
                0x20006258                uwTick
 .bss.__sf      0x2000625c      0x138 /home/anon/st/stm32cubeide_1.19.0_2/plugins/com.st.stm32cube.ide.mcu.externaltools.gnu-tools-for-stm32.13.3.rel1.linux64_1.0.0.202410170706/tools/bin/../lib/gcc/arm-none-eabi/13.3.1/../../../../arm-none-eabi/lib/thumb/v7e-m+fp/hard/libc_nano.a(libc_a-findfp.o)
                0x2000625c                __sf
 *(COMMON)
                0x20006394                        . = ALIGN (0x4)
                0x20006394                        _ebss = .
                0x20006394                        __bss_end__ = _ebss

._user_heap_stack
                0x20006394      0x604 load address 0x0801c2b0
                0x20006398                        . = ALIGN (0x8)
 *fill*         0x20006394        0x4 
                [!provide]                        PROVIDE (end = .)
                0x20006398                        PROVIDE (_end = .)
                0x20006598                        . = (. + _Min_Heap_Size)
 *fill*         0x20006398      0x200 
                0x20006998                        . = (. + _Min_Stack_Size)
 *fill*         0x20006598      0x400 
                0x20006998                        . = ALIGN (0x8)

/DISCARD/
 libc.a(*)
 libm.a(*)
 libgcc.a(*)

.ARM.attributes
                0x00000000       0x30
 *(.ARM.attributes)
 .ARM.attributes
                0x00000000       0x22 /home/anon/st/stm32cubeide_1.19.0_2/plugins/com.st.stm32cube.ide.mcu.externaltools.gnu-tools-for-stm32.13.3.rel1.linux64_1.0.0.202410170706/tools/bin/../lib/gcc/arm-none-eabi/13.3.1/thumb/v7e-m+fp/hard/crti.o
 .ARM.attributes
                0x00000022       0x34 /home/anon/st/stm32cubeide_1.19.0_2/plugins/com.st.stm32cube.ide.mcu.externaltools.gnu-tools-for-stm32.13.3.rel1.linux64_1.0.0.202410170706/tools/bin/../lib/gcc/arm-none-eabi/13.3.1/thumb/v7e-m+fp/hard/crtbegin.o
 .ARM.attributes
                0x00000056       0x34 ./Core/Src/main.o
 .ARM.attributes
                0x0000008a       0x34 ./Core/Src/stm32g4xx_hal_msp.o
 .ARM.attributes
                0x000000be       0x34 ./Core/Src/stm32g4xx_it.o
 .ARM.attributes
                0x000000f2       0x34 ./Core/Src/system_stm32g4xx.o
 .ARM.attributes
                0x00000126       0x21 ./Core/Startup/startup_stm32g474retx.o
 .ARM.attributes
                0x00000147       0x34 ./Drivers/CMSIS/DSP/Source/CommonTables/arm_common_tables.o
 .ARM.attributes
                0x0000017b       0x34 ./Drivers/CMSIS/DSP/Source/ComplexMathFunctions/arm_cmplx_mag_f32.o
 .ARM.attributes
                0x000001af       0x34 ./Drivers/CMSIS/DSP/Source/TransformFunctions/arm_bitreversal2.o
 .ARM.attributes
                0x000001e3       0x34 ./Drivers/CMSIS/DSP/Source/TransformFunctions/arm_cfft_f32.o
 .ARM.attributes
                0x00000217       0x34 ./Drivers/CMSIS/DSP/Source/TransformFunctions/arm_cfft_radix8_f32.o
 .ARM.attributes
                0x0000024b       0x34 ./Drivers/CMSIS/DSP/Source/TransformFunctions/arm_rfft_fast_f32.o
 .ARM.attributes
                0x0000027f       0x34 ./Drivers/CMSIS/DSP/Source/TransformFunctions/arm_rfft_fast_init_f32.o
 .ARM.attributes
                0x000002b3       0x34 ./Drivers/STM32G4xx_HAL_Driver/Src/stm32g4xx_hal.o
 .ARM.attributes
                0x000002e7       0x34 ./Drivers/STM32G4xx_HAL_Driver/Src/stm32g4xx_hal_adc.o
 .ARM.attributes
                0x0000031b       0x34 ./Drivers/STM32G4xx_HAL_Driver/Src/stm32g4xx_hal_adc_ex.o
 .ARM.attributes
                0x0000034f       0x34 ./Drivers/STM32G4xx_HAL_Driver/Src/stm32g4xx_hal_cortex.o
 .ARM.attributes
                0x00000383       0x34 ./Drivers/STM32G4xx_HAL_Driver/Src/stm32g4xx_hal_dma.o
 .ARM.attributes
                0x000003b7       0x34 ./Drivers/STM32G4xx_HAL_Driver/Src/stm32g4xx_hal_gpio.o
 .ARM.attributes
                0x000003eb       0x34 ./Drivers/STM32G4xx_HAL_Driver/Src/stm32g4xx_hal_pwr_ex.o
 .ARM.attributes
                0x0000041f       0x34 ./Drivers/STM32G4xx_HAL_Driver/Src/stm32g4xx_hal_rcc.o
 .ARM.attributes
                0x00000453       0x34 ./Drivers/STM32G4xx_HAL_Driver/Src/stm32g4xx_hal_rcc_ex.o
 .ARM.attributes
                0x00000487       0x34 ./Drivers/STM32G4xx_HAL_Driver/Src/stm32g4xx_hal_tim.o
 .ARM.attributes
                0x000004bb       0x34 ./Drivers/STM32G4xx_HAL_Driver/Src/stm32g4xx_hal_tim_ex.o
 .ARM.attributes
                0x000004ef       0x34 ./Drivers/STM32G4xx_HAL_Driver/Src/stm32g4xx_hal_uart.o
 .ARM.attributes
                0x00000523       0x34 /home/anon/st/stm32cubeide_1.19.0_2/plugins/com.st.stm32cube.ide.mcu.externaltools.gnu-tools-for-stm32.13.3.rel1.linux64_1.0.0.202410170706/tools/bin/../lib/gcc/arm-none-eabi/13.3.1/../../../../arm-none-eabi/lib/thumb/v7e-m+fp/hard/libc_nano.a(libc_a-findfp.o)
 .ARM.attributes
                0x00000557       0x34 /home/anon/st/stm32cubeide_1.19.0_2/plugins/com.st.stm32cube.ide.mcu.externaltools.gnu-tools-for-stm32.13.3.rel1.linux64_1.0.0.202410170706/tools/bin/../lib/gcc/arm-none-eabi/13.3.1/../../../../arm-none-eabi/lib/thumb/v7e-m+fp/hard/libc_nano.a(libc_a-memset.o)
 .ARM.attributes
                0x0000058b       0x34 /home/anon/st/stm32cubeide_1.19.0_2/plugins/com.st.stm32cube.ide.mcu.externaltools.gnu-tools-for-stm32.13.3.rel1.linux64_1.0.0.202410170706/tools/bin/../lib/gcc/arm-none-eabi/13.3.1/../../../../arm-none-eabi/lib/thumb/v7e-m+fp/hard/libc_nano.a(libc_a-impure.o)
 .ARM.attributes
                0x000005bf       0x34 /home/anon/st/stm32cubeide_1.19.0_2/plugins/com.st.stm32cube.ide.mcu.externaltools.gnu-tools-for-stm32.13.3.rel1.linux64_1.0.0.202410170706/tools/bin/../lib/gcc/arm-none-eabi/13.3.1/../../../../arm-none-eabi/lib/thumb/v7e-m+fp/hard/libc_nano.a(libc_a-errno.o)
 .ARM.attributes
                0x000005f3       0x34 /home/anon/st/stm32cubeide_1.19.0_2/plugins/com.st.stm32cube.ide.mcu.externaltools.gnu-tools-for-stm32.13.3.rel1.linux64_1.0.0.202410170706/tools/bin/../lib/gcc/arm-none-eabi/13.3.1/../../../../arm-none-eabi/lib/thumb/v7e-m+fp/hard/libc_nano.a(libc_a-init.o)
 .ARM.attributes
                0x00000627       0x34 /home/anon/st/stm32cubeide_1.19.0_2/plugins/com.st.stm32cube.ide.mcu.externaltools.gnu-tools-for-stm32.13.3.rel1.linux64_1.0.0.202410170706/tools/bin/../lib/gcc/arm-none-eabi/13.3.1/../../../../arm-none-eabi/lib/thumb/v7e-m+fp/hard/libc_nano.a(libc_a-memcpy-stub.o)
 .ARM.attributes
                0x0000065b       0x34 /home/anon/st/stm32cubeide_1.19.0_2/plugins/com.st.stm32cube.ide.mcu.externaltools.gnu-tools-for-stm32.13.3.rel1.linux64_1.0.0.202410170706/tools/bin/../lib/gcc/arm-none-eabi/13.3.1/../../../../arm-none-eabi/lib/thumb/v7e-m+fp/hard/libm.a(libm_a-wf_sqrt.o)
 .ARM.attributes
                0x0000068f       0x34 /home/anon/st/stm32cubeide_1.19.0_2/plugins/com.st.stm32cube.ide.mcu.externaltools.gnu-tools-for-stm32.13.3.rel1.linux64_1.0.0.202410170706/tools/bin/../lib/gcc/arm-none-eabi/13.3.1/../../../../arm-none-eabi/lib/thumb/v7e-m+fp/hard/libm.a(libm_a-sf_cos.o)
 .ARM.attributes
                0x000006c3       0x34 /home/anon/st/stm32cubeide_1.19.0_2/plugins/com.st.stm32cube.ide.mcu.externaltools.gnu-tools-for-stm32.13.3.rel1.linux64_1.0.0.202410170706/tools/bin/../lib/gcc/arm-none-eabi/13.3.1/../../../../arm-none-eabi/lib/thumb/v7e-m+fp/hard/libm.a(libm_a-sf_sin.o)
 .ARM.attributes
                0x000006f7       0x34 /home/anon/st/stm32cubeide_1.19.0_2/plugins/com.st.stm32cube.ide.mcu.externaltools.gnu-tools-for-stm32.13.3.rel1.linux64_1.0.0.202410170706/tools/bin/../lib/gcc/arm-none-eabi/13.3.1/../../../../arm-none-eabi/lib/thumb/v7e-m+fp/hard/libm.a(libm_a-ef_sqrt.o)
 .ARM.attributes
                0x0000072b       0x34 /home/anon/st/stm32cubeide_1.19.0_2/plugins/com.st.stm32cube.ide.mcu.externaltools.gnu-tools-for-stm32.13.3.rel1.linux64_1.0.0.202410170706/tools/bin/../lib/gcc/arm-none-eabi/13.3.1/../../../../arm-none-eabi/lib/thumb/v7e-m+fp/hard/libm.a(libm_a-kf_cos.o)
 .ARM.attributes
                0x0000075f       0x34 /home/anon/st/stm32cubeide_1.19.0_2/plugins/com.st.stm32cube.ide.mcu.externaltools.gnu-tools-for-stm32.13.3.rel1.linux64_1.0.0.202410170706/tools/bin/../lib/gcc/arm-none-eabi/13.3.1/../../../../arm-none-eabi/lib/thumb/v7e-m+fp/hard/libm.a(libm_a-kf_sin.o)
 .ARM.attributes
                0x00000793       0x34 /home/anon/st/stm32cubeide_1.19.0_2/plugins/com.st.stm32cube.ide.mcu.externaltools.gnu-tools-for-stm32.13.3.rel1.linux64_1.0.0.202410170706/tools/bin/../lib/gcc/arm-none-eabi/13.3.1/../../../../arm-none-eabi/lib/thumb/v7e-m+fp/hard/libm.a(libm_a-ef_rem_pio2.o)
 .ARM.attributes
                0x000007c7       0x34 /home/anon/st/stm32cubeide_1.19.0_2/plugins/com.st.stm32cube.ide.mcu.externaltools.gnu-tools-for-stm32.13.3.rel1.linux64_1.0.0.202410170706/tools/bin/../lib/gcc/arm-none-eabi/13.3.1/../../../../arm-none-eabi/lib/thumb/v7e-m+fp/hard/libm.a(libm_a-sf_fabs.o)
 .ARM.attributes
                0x000007fb       0x34 /home/anon/st/stm32cubeide_1.19.0_2/plugins/com.st.stm32cube.ide.mcu.externaltools.gnu-tools-for-stm32.13.3.rel1.linux64_1.0.0.202410170706/tools/bin/../lib/gcc/arm-none-eabi/13.3.1/../../../../arm-none-eabi/lib/thumb/v7e-m+fp/hard/libm.a(libm_a-kf_rem_pio2.o)
 .ARM.attributes
                0x0000082f       0x34 /home/anon/st/stm32cubeide_1.19.0_2/plugins/com.st.stm32cube.ide.mcu.externaltools.gnu-tools-for-stm32.13.3.rel1.linux64_1.0.0.202410170706/tools/bin/../lib/gcc/arm-none-eabi/13.3.1/../../../../arm-none-eabi/lib/thumb/v7e-m+fp/hard/libm.a(libm_a-sf_scalbn.o)
 .ARM.attributes
                0x00000863       0x34 /home/anon/st/stm32cubeide_1.19.0_2/plugins/com.st.stm32cube.ide.mcu.externaltools.gnu-tools-for-stm32.13.3.rel1.linux64_1.0.0.202410170706/tools/bin/../lib/gcc/arm-none-eabi/13.3.1/../../../../arm-none-eabi/lib/thumb/v7e-m+fp/hard/libm.a(libm_a-sf_floor.o)
 .ARM.attributes
                0x00000897       0x22 /home/anon/st/stm32cubeide_1.19.0_2/plugins/com.st.stm32cube.ide.mcu.externaltools.gnu-tools-for-stm32.13.3.rel1.linux64_1.0.0.202410170706/tools/bin/../lib/gcc/arm-none-eabi/13.3.1/thumb/v7e-m+fp/hard/libgcc.a(_aeabi_uldivmod.o)
 .ARM.attributes
                0x000008b9       0x34 /home/anon/st/stm32cubeide_1.19.0_2/plugins/com.st.stm32cube.ide.mcu.externaltools.gnu-tools-for-stm32.13.3.rel1.linux64_1.0.0.202410170706/tools/bin/../lib/gcc/arm-none-eabi/13.3.1/thumb/v7e-m+fp/hard/libgcc.a(_udivmoddi4.o)
 .ARM.attributes
                0x000008ed       0x22 /home/anon/st/stm32cubeide_1.19.0_2/plugins/com.st.stm32cube.ide.mcu.externaltools.gnu-tools-for-stm32.13.3.rel1.linux64_1.0.0.202410170706/tools/bin/../lib/gcc/arm-none-eabi/13.3.1/thumb/v7e-m+fp/hard/libgcc.a(_dvmd_tls.o)
 .ARM.attributes
                0x0000090f       0x22 /home/anon/st/stm32cubeide_1.19.0_2/plugins/com.st.stm32cube.ide.mcu.externaltools.gnu-tools-for-stm32.13.3.rel1.linux64_1.0.0.202410170706/tools/bin/../lib/gcc/arm-none-eabi/13.3.1/thumb/v7e-m+fp/hard/crtn.o
OUTPUT(ppjjjjjjjj.elf elf32-littlearm)
LOAD linker stubs
LOAD /home/anon/st/stm32cubeide_1.19.0_2/plugins/com.st.stm32cube.ide.mcu.externaltools.gnu-tools-for-stm32.13.3.rel1.linux64_1.0.0.202410170706/tools/bin/../lib/gcc/arm-none-eabi/13.3.1/../../../../arm-none-eabi/lib/thumb/v7e-m+fp/hard/libc.a
LOAD /home/anon/st/stm32cubeide_1.19.0_2/plugins/com.st.stm32cube.ide.mcu.externaltools.gnu-tools-for-stm32.13.3.rel1.linux64_1.0.0.202410170706/tools/bin/../lib/gcc/arm-none-eabi/13.3.1/../../../../arm-none-eabi/lib/thumb/v7e-m+fp/hard/libm.a
LOAD /home/anon/st/stm32cubeide_1.19.0_2/plugins/com.st.stm32cube.ide.mcu.externaltools.gnu-tools-for-stm32.13.3.rel1.linux64_1.0.0.202410170706/tools/bin/../lib/gcc/arm-none-eabi/13.3.1/thumb/v7e-m+fp/hard/libgcc.a

.debug_info     0x00000000    0x180f1
 .debug_info    0x00000000     0x218b ./Core/Src/main.o
 .debug_info    0x0000218b     0x16e5 ./Core/Src/stm32g4xx_hal_msp.o
 .debug_info    0x00003870       0xdf ./Core/Src/stm32g4xx_it.o
 .debug_info    0x0000394f      0x58e ./Core/Src/system_stm32g4xx.o
 .debug_info    0x00003edd       0x30 ./Core/Startup/startup_stm32g474retx.o
 .debug_info    0x00003f0d      0xf6c ./Drivers/CMSIS/DSP/Source/CommonTables/arm_common_tables.o
 .debug_info    0x00004e79      0x1d1 ./Drivers/CMSIS/DSP/Source/ComplexMathFunctions/arm_cmplx_mag_f32.o
 .debug_info    0x0000504a      0x1b3 ./Drivers/CMSIS/DSP/Source/TransformFunctions/arm_bitreversal2.o
 .debug_info    0x000051fd      0x55a ./Drivers/CMSIS/DSP/Source/TransformFunctions/arm_cfft_f32.o
 .debug_info    0x00005757      0x43f ./Drivers/CMSIS/DSP/Source/TransformFunctions/arm_cfft_radix8_f32.o
 .debug_info    0x00005b96      0x44b ./Drivers/CMSIS/DSP/Source/TransformFunctions/arm_rfft_fast_f32.o
 .debug_info    0x00005fe1      0x5f9 ./Drivers/CMSIS/DSP/Source/TransformFunctions/arm_rfft_fast_init_f32.o
 .debug_info    0x000065da      0xb95 ./Drivers/STM32G4xx_HAL_Driver/Src/stm32g4xx_hal.o
 .debug_info    0x0000716f     0x2063 ./Drivers/STM32G4xx_HAL_Driver/Src/stm32g4xx_hal_adc.o
 .debug_info    0x000091d2     0x1d80 ./Drivers/STM32G4xx_HAL_Driver/Src/stm32g4xx_hal_adc_ex.o
 .debug_info    0x0000af52      0xdf9 ./Drivers/STM32G4xx_HAL_Driver/Src/stm32g4xx_hal_cortex.o
 .debug_info    0x0000bd4b      0x85f ./Drivers/STM32G4xx_HAL_Driver/Src/stm32g4xx_hal_dma.o
 .debug_info    0x0000c5aa      0x772 ./Drivers/STM32G4xx_HAL_Driver/Src/stm32g4xx_hal_gpio.o
 .debug_info    0x0000cd1c      0x944 ./Drivers/STM32G4xx_HAL_Driver/Src/stm32g4xx_hal_pwr_ex.o
 .debug_info    0x0000d660      0xbf9 ./Drivers/STM32G4xx_HAL_Driver/Src/stm32g4xx_hal_rcc.o
 .debug_info    0x0000e259      0xc5d ./Drivers/STM32G4xx_HAL_Driver/Src/stm32g4xx_hal_rcc_ex.o
 .debug_info    0x0000eeb6     0x2c52 ./Drivers/STM32G4xx_HAL_Driver/Src/stm32g4xx_hal_tim.o
 .debug_info    0x00011b08     0x1d95 ./Drivers/STM32G4xx_HAL_Driver/Src/stm32g4xx_hal_tim_ex.o
 .debug_info    0x0001389d     0x4854 ./Drivers/STM32G4xx_HAL_Driver/Src/stm32g4xx_hal_uart.o

.debug_abbrev   0x00000000     0x2d7f
 .debug_abbrev  0x00000000      0x34e ./Core/Src/main.o
 .debug_abbrev  0x0000034e      0x288 ./Core/Src/stm32g4xx_hal_msp.o
 .debug_abbrev  0x000005d6       0x47 ./Core/Src/stm32g4xx_it.o
 .debug_abbrev  0x0000061d      0x11a ./Core/Src/system_stm32g4xx.o
 .debug_abbrev  0x00000737       0x24 ./Core/Startup/startup_stm32g474retx.o
 .debug_abbrev  0x0000075b       0xb1 ./Drivers/CMSIS/DSP/Source/CommonTables/arm_common_tables.o
 .debug_abbrev  0x0000080c      0x129 ./Drivers/CMSIS/DSP/Source/ComplexMathFunctions/arm_cmplx_mag_f32.o
 .debug_abbrev  0x00000935       0x8d ./Drivers/CMSIS/DSP/Source/TransformFunctions/arm_bitreversal2.o
 .debug_abbrev  0x000009c2      0x164 ./Drivers/CMSIS/DSP/Source/TransformFunctions/arm_cfft_f32.o
 .debug_abbrev  0x00000b26       0x98 ./Drivers/CMSIS/DSP/Source/TransformFunctions/arm_cfft_radix8_f32.o
 .debug_abbrev  0x00000bbe      0x167 ./Drivers/CMSIS/DSP/Source/TransformFunctions/arm_rfft_fast_f32.o
 .debug_abbrev  0x00000d25      0x192 ./Drivers/CMSIS/DSP/Source/TransformFunctions/arm_rfft_fast_init_f32.o
 .debug_abbrev  0x00000eb7      0x271 ./Drivers/STM32G4xx_HAL_Driver/Src/stm32g4xx_hal.o
 .debug_abbrev  0x00001128      0x2d3 ./Drivers/STM32G4xx_HAL_Driver/Src/stm32g4xx_hal_adc.o
 .debug_abbrev  0x000013fb      0x2ee ./Drivers/STM32G4xx_HAL_Driver/Src/stm32g4xx_hal_adc_ex.o
 .debug_abbrev  0x000016e9      0x31c ./Drivers/STM32G4xx_HAL_Driver/Src/stm32g4xx_hal_cortex.o
 .debug_abbrev  0x00001a05      0x1e2 ./Drivers/STM32G4xx_HAL_Driver/Src/stm32g4xx_hal_dma.o
 .debug_abbrev  0x00001be7      0x1d2 ./Drivers/STM32G4xx_HAL_Driver/Src/stm32g4xx_hal_gpio.o
 .debug_abbrev  0x00001db9      0x22c ./Drivers/STM32G4xx_HAL_Driver/Src/stm32g4xx_hal_pwr_ex.o
 .debug_abbrev  0x00001fe5      0x2c9 ./Drivers/STM32G4xx_HAL_Driver/Src/stm32g4xx_hal_rcc.o
 .debug_abbrev  0x000022ae      0x261 ./Drivers/STM32G4xx_HAL_Driver/Src/stm32g4xx_hal_rcc_ex.o
 .debug_abbrev  0x0000250f      0x2a7 ./Drivers/STM32G4xx_HAL_Driver/Src/stm32g4xx_hal_tim.o
 .debug_abbrev  0x000027b6      0x2c5 ./Drivers/STM32G4xx_HAL_Driver/Src/stm32g4xx_hal_tim_ex.o
 .debug_abbrev  0x00002a7b      0x304 ./Drivers/STM32G4xx_HAL_Driver/Src/stm32g4xx_hal_uart.o

.debug_aranges  0x00000000     0x1510
 .debug_aranges
                0x00000000       0x98 ./Core/Src/main.o
 .debug_aranges
                0x00000098       0x50 ./Core/Src/stm32g4xx_hal_msp.o
 .debug_aranges
                0x000000e8       0x48 ./Core/Src/stm32g4xx_it.o
 .debug_aranges
                0x00000130       0x28 ./Core/Src/system_stm32g4xx.o
 .debug_aranges
                0x00000158       0x28 ./Core/Startup/startup_stm32g474retx.o
 .debug_aranges
                0x00000180       0x18 ./Drivers/CMSIS/DSP/Source/CommonTables/arm_common_tables.o
 .debug_aranges
                0x00000198       0x20 ./Drivers/CMSIS/DSP/Source/ComplexMathFunctions/arm_cmplx_mag_f32.o
 .debug_aranges
                0x000001b8       0x28 ./Drivers/CMSIS/DSP/Source/TransformFunctions/arm_bitreversal2.o
 .debug_aranges
                0x000001e0       0x30 ./Drivers/CMSIS/DSP/Source/TransformFunctions/arm_cfft_f32.o
 .debug_aranges
                0x00000210       0x20 ./Drivers/CMSIS/DSP/Source/TransformFunctions/arm_cfft_radix8_f32.o
 .debug_aranges
                0x00000230       0x30 ./Drivers/CMSIS/DSP/Source/TransformFunctions/arm_rfft_fast_f32.o
 .debug_aranges
                0x00000260       0x60 ./Drivers/CMSIS/DSP/Source/TransformFunctions/arm_rfft_fast_init_f32.o
 .debug_aranges
                0x000002c0      0x148 ./Drivers/STM32G4xx_HAL_Driver/Src/stm32g4xx_hal.o
 .debug_aranges
                0x00000408      0x248 ./Drivers/STM32G4xx_HAL_Driver/Src/stm32g4xx_hal_adc.o
 .debug_aranges
                0x00000650      0x1c0 ./Drivers/STM32G4xx_HAL_Driver/Src/stm32g4xx_hal_adc_ex.o
 .debug_aranges
                0x00000810      0x128 ./Drivers/STM32G4xx_HAL_Driver/Src/stm32g4xx_hal_cortex.o
 .debug_aranges
                0x00000938       0x90 ./Drivers/STM32G4xx_HAL_Driver/Src/stm32g4xx_hal_dma.o
 .debug_aranges
                0x000009c8       0x58 ./Drivers/STM32G4xx_HAL_Driver/Src/stm32g4xx_hal_gpio.o
 .debug_aranges
                0x00000a20      0x140 ./Drivers/STM32G4xx_HAL_Driver/Src/stm32g4xx_hal_pwr_ex.o
 .debug_aranges
                0x00000b60       0x98 ./Drivers/STM32G4xx_HAL_Driver/Src/stm32g4xx_hal_rcc.o
 .debug_aranges
                0x00000bf8       0xb0 ./Drivers/STM32G4xx_HAL_Driver/Src/stm32g4xx_hal_rcc_ex.o
 .debug_aranges
                0x00000ca8      0x3e0 ./Drivers/STM32G4xx_HAL_Driver/Src/stm32g4xx_hal_tim.o
 .debug_aranges
                0x00001088      0x240 ./Drivers/STM32G4xx_HAL_Driver/Src/stm32g4xx_hal_tim_ex.o
 .debug_aranges
                0x000012c8      0x248 ./Drivers/STM32G4xx_HAL_Driver/Src/stm32g4xx_hal_uart.o

.debug_rnglists
                0x00000000     0x104b
 .debug_rnglists
                0x00000000       0x72 ./Core/Src/main.o
 .debug_rnglists
                0x00000072       0x39 ./Core/Src/stm32g4xx_hal_msp.o
 .debug_rnglists
                0x000000ab       0x31 ./Core/Src/stm32g4xx_it.o
 .debug_rnglists
                0x000000dc       0x1a ./Core/Src/system_stm32g4xx.o
 .debug_rnglists
                0x000000f6       0x19 ./Core/Startup/startup_stm32g474retx.o
 .debug_rnglists
                0x0000010f       0x14 ./Drivers/CMSIS/DSP/Source/ComplexMathFunctions/arm_cmplx_mag_f32.o
 .debug_rnglists
                0x00000123       0x1b ./Drivers/CMSIS/DSP/Source/TransformFunctions/arm_bitreversal2.o
 .debug_rnglists
                0x0000013e       0x22 ./Drivers/CMSIS/DSP/Source/TransformFunctions/arm_cfft_f32.o
 .debug_rnglists
                0x00000160       0x14 ./Drivers/CMSIS/DSP/Source/TransformFunctions/arm_cfft_radix8_f32.o
 .debug_rnglists
                0x00000174       0x21 ./Drivers/CMSIS/DSP/Source/TransformFunctions/arm_rfft_fast_f32.o
 .debug_rnglists
                0x00000195       0x44 ./Drivers/CMSIS/DSP/Source/TransformFunctions/arm_rfft_fast_init_f32.o
 .debug_rnglists
                0x000001d9       0xf1 ./Drivers/STM32G4xx_HAL_Driver/Src/stm32g4xx_hal.o
 .debug_rnglists
                0x000002ca      0x1c0 ./Drivers/STM32G4xx_HAL_Driver/Src/stm32g4xx_hal_adc.o
 .debug_rnglists
                0x0000048a      0x15a ./Drivers/STM32G4xx_HAL_Driver/Src/stm32g4xx_hal_adc_ex.o
 .debug_rnglists
                0x000005e4       0xda ./Drivers/STM32G4xx_HAL_Driver/Src/stm32g4xx_hal_cortex.o
 .debug_rnglists
                0x000006be       0x72 ./Drivers/STM32G4xx_HAL_Driver/Src/stm32g4xx_hal_dma.o
 .debug_rnglists
                0x00000730       0x3f ./Drivers/STM32G4xx_HAL_Driver/Src/stm32g4xx_hal_gpio.o
 .debug_rnglists
                0x0000076f       0xf1 ./Drivers/STM32G4xx_HAL_Driver/Src/stm32g4xx_hal_pwr_ex.o
 .debug_rnglists
                0x00000860       0x74 ./Drivers/STM32G4xx_HAL_Driver/Src/stm32g4xx_hal_rcc.o
 .debug_rnglists
                0x000008d4       0x87 ./Drivers/STM32G4xx_HAL_Driver/Src/stm32g4xx_hal_rcc_ex.o
 .debug_rnglists
                0x0000095b      0x32d ./Drivers/STM32G4xx_HAL_Driver/Src/stm32g4xx_hal_tim.o
 .debug_rnglists
                0x00000c88      0x1cc ./Drivers/STM32G4xx_HAL_Driver/Src/stm32g4xx_hal_tim_ex.o
 .debug_rnglists
                0x00000e54      0x1f7 ./Drivers/STM32G4xx_HAL_Driver/Src/stm32g4xx_hal_uart.o

.debug_macro    0x00000000    0x296f9
 .debug_macro   0x00000000      0x375 ./Core/Src/main.o
 .debug_macro   0x00000375      0xae4 ./Core/Src/main.o
 .debug_macro   0x00000e59      0x161 ./Core/Src/main.o
 .debug_macro   0x00000fba       0x2e ./Core/Src/main.o
 .debug_macro   0x00000fe8       0x28 ./Core/Src/main.o
 .debug_macro   0x00001010       0x22 ./Core/Src/main.o
 .debug_macro   0x00001032       0x8e ./Core/Src/main.o
 .debug_macro   0x000010c0       0x51 ./Core/Src/main.o
 .debug_macro   0x00001111      0x103 ./Core/Src/main.o
 .debug_macro   0x00001214       0x6a ./Core/Src/main.o
 .debug_macro   0x0000127e      0x1df ./Core/Src/main.o
 .debug_macro   0x0000145d       0x1c ./Core/Src/main.o
 .debug_macro   0x00001479       0x22 ./Core/Src/main.o
 .debug_macro   0x0000149b       0xfb ./Core/Src/main.o
 .debug_macro   0x00001596     0x1011 ./Core/Src/main.o
 .debug_macro   0x000025a7      0x11f ./Core/Src/main.o
 .debug_macro   0x000026c6    0x18b8c ./Core/Src/main.o
 .debug_macro   0x0001b252       0x6d ./Core/Src/main.o
 .debug_macro   0x0001b2bf     0x3558 ./Core/Src/main.o
 .debug_macro   0x0001e817      0x190 ./Core/Src/main.o
 .debug_macro   0x0001e9a7       0x5c ./Core/Src/main.o
 .debug_macro   0x0001ea03     0x171f ./Core/Src/main.o
 .debug_macro   0x00020122      0x600 ./Core/Src/main.o
 .debug_macro   0x00020722      0x1b6 ./Core/Src/main.o
 .debug_macro   0x000208d8      0x34a ./Core/Src/main.o
 .debug_macro   0x00020c22      0x53c ./Core/Src/main.o
 .debug_macro   0x0002115e      0x18b ./Core/Src/main.o
 .debug_macro   0x000212e9       0x43 ./Core/Src/main.o
 .debug_macro   0x0002132c      0x23d ./Core/Src/main.o
 .debug_macro   0x00021569     0x1111 ./Core/Src/main.o
 .debug_macro   0x0002267a      0x72e ./Core/Src/main.o
 .debug_macro   0x00022da8      0x391 ./Core/Src/main.o
 .debug_macro   0x00023139      0x211 ./Core/Src/main.o
 .debug_macro   0x0002334a      0x45c ./Core/Src/main.o
 .debug_macro   0x000237a6      0x11c ./Core/Src/main.o
 .debug_macro   0x000238c2      0x122 ./Core/Src/main.o
 .debug_macro   0x000239e4      0x3d1 ./Core/Src/main.o
 .debug_macro   0x00023db5      0xc0b ./Core/Src/main.o
 .debug_macro   0x000249c0      0x718 ./Core/Src/main.o
 .debug_macro   0x000250d8      0x693 ./Core/Src/main.o
 .debug_macro   0x0002576b       0xa6 ./Core/Src/main.o
 .debug_macro   0x00025811      0x358 ./Core/Src/main.o
 .debug_macro   0x00025b69       0x52 ./Core/Src/main.o
 .debug_macro   0x00025bbb       0x22 ./Core/Src/main.o
 .debug_macro   0x00025bdd      0x100 ./Core/Src/main.o
 .debug_macro   0x00025cdd       0x61 ./Core/Src/main.o
 .debug_macro   0x00025d3e       0x2a ./Core/Src/main.o
 .debug_macro   0x00025d68       0x43 ./Core/Src/main.o
 .debug_macro   0x00025dab       0x34 ./Core/Src/main.o
 .debug_macro   0x00025ddf       0x16 ./Core/Src/main.o
 .debug_macro   0x00025df5       0x3c ./Core/Src/main.o
 .debug_macro   0x00025e31      0x370 ./Core/Src/main.o
 .debug_macro   0x000261a1       0x10 ./Core/Src/main.o
 .debug_macro   0x000261b1       0x16 ./Core/Src/main.o
 .debug_macro   0x000261c7       0x4a ./Core/Src/main.o
 .debug_macro   0x00026211       0x34 ./Core/Src/main.o
 .debug_macro   0x00026245       0x10 ./Core/Src/main.o
 .debug_macro   0x00026255       0x58 ./Core/Src/main.o
 .debug_macro   0x000262ad       0x8e ./Core/Src/main.o
 .debug_macro   0x0002633b       0x1c ./Core/Src/main.o
 .debug_macro   0x00026357      0x185 ./Core/Src/main.o
 .debug_macro   0x000264dc       0x16 ./Core/Src/main.o
 .debug_macro   0x000264f2       0x16 ./Core/Src/main.o
 .debug_macro   0x00026508      0x146 ./Core/Src/main.o
 .debug_macro   0x0002664e       0x58 ./Core/Src/main.o
 .debug_macro   0x000266a6       0x16 ./Core/Src/main.o
 .debug_macro   0x000266bc       0x20 ./Core/Src/main.o
 .debug_macro   0x000266dc      0x19b ./Core/Src/main.o
 .debug_macro   0x00026877      0x201 ./Core/Src/main.o
 .debug_macro   0x00026a78       0xc8 ./Core/Src/main.o
 .debug_macro   0x00026b40      0x2f9 ./Core/Src/stm32g4xx_hal_msp.o
 .debug_macro   0x00026e39      0x303 ./Core/Src/stm32g4xx_it.o
 .debug_macro   0x0002713c      0x1f1 ./Core/Src/system_stm32g4xx.o
 .debug_macro   0x0002732d      0x18c ./Drivers/CMSIS/DSP/Source/CommonTables/arm_common_tables.o
 .debug_macro   0x000274b9       0x10 ./Drivers/CMSIS/DSP/Source/CommonTables/arm_common_tables.o
 .debug_macro   0x000274c9       0x88 ./Drivers/CMSIS/DSP/Source/CommonTables/arm_common_tables.o
 .debug_macro   0x00027551      0x179 ./Drivers/CMSIS/DSP/Source/ComplexMathFunctions/arm_cmplx_mag_f32.o
 .debug_macro   0x000276ca      0x18c ./Drivers/CMSIS/DSP/Source/TransformFunctions/arm_bitreversal2.o
 .debug_macro   0x00027856      0x18c ./Drivers/CMSIS/DSP/Source/TransformFunctions/arm_cfft_f32.o
 .debug_macro   0x000279e2      0x179 ./Drivers/CMSIS/DSP/Source/TransformFunctions/arm_cfft_radix8_f32.o
 .debug_macro   0x00027b5b      0x179 ./Drivers/CMSIS/DSP/Source/TransformFunctions/arm_rfft_fast_f32.o
 .debug_macro   0x00027cd4      0x18c ./Drivers/CMSIS/DSP/Source/TransformFunctions/arm_rfft_fast_init_f32.o
 .debug_macro   0x00027e60      0x23f ./Drivers/STM32G4xx_HAL_Driver/Src/stm32g4xx_hal.o
 .debug_macro   0x0002809f      0x20e ./Drivers/STM32G4xx_HAL_Driver/Src/stm32g4xx_hal_adc.o
 .debug_macro   0x000282ad      0x1fd ./Drivers/STM32G4xx_HAL_Driver/Src/stm32g4xx_hal_adc_ex.o
 .debug_macro   0x000284aa      0x1f1 ./Drivers/STM32G4xx_HAL_Driver/Src/stm32g4xx_hal_cortex.o
 .debug_macro   0x0002869b      0x1f1 ./Drivers/STM32G4xx_HAL_Driver/Src/stm32g4xx_hal_dma.o
 .debug_macro   0x0002888c      0x1f8 ./Drivers/STM32G4xx_HAL_Driver/Src/stm32g4xx_hal_gpio.o
 .debug_macro   0x00028a84      0x21b ./Drivers/STM32G4xx_HAL_Driver/Src/stm32g4xx_hal_pwr_ex.o
 .debug_macro   0x00028c9f      0x233 ./Drivers/STM32G4xx_HAL_Driver/Src/stm32g4xx_hal_rcc.o
 .debug_macro   0x00028ed2      0x21b ./Drivers/STM32G4xx_HAL_Driver/Src/stm32g4xx_hal_rcc_ex.o
 .debug_macro   0x000290ed      0x1f9 ./Drivers/STM32G4xx_HAL_Driver/Src/stm32g4xx_hal_tim.o
 .debug_macro   0x000292e6      0x1f7 ./Drivers/STM32G4xx_HAL_Driver/Src/stm32g4xx_hal_tim_ex.o
 .debug_macro   0x000294dd      0x21c ./Drivers/STM32G4xx_HAL_Driver/Src/stm32g4xx_hal_uart.o

.debug_line     0x00000000    0x19246
 .debug_line    0x00000000      0xd00 ./Core/Src/main.o
 .debug_line    0x00000d00      0x9e9 ./Core/Src/stm32g4xx_hal_msp.o
 .debug_line    0x000016e9      0x933 ./Core/Src/stm32g4xx_it.o
 .debug_line    0x0000201c      0x77a ./Core/Src/system_stm32g4xx.o
 .debug_line    0x00002796       0x7b ./Core/Startup/startup_stm32g474retx.o
 .debug_line    0x00002811      0x579 ./Drivers/CMSIS/DSP/Source/CommonTables/arm_common_tables.o
 .debug_line    0x00002d8a      0x5c9 ./Drivers/CMSIS/DSP/Source/ComplexMathFunctions/arm_cmplx_mag_f32.o
 .debug_line    0x00003353      0x64d ./Drivers/CMSIS/DSP/Source/TransformFunctions/arm_bitreversal2.o
 .debug_line    0x000039a0      0xd06 ./Drivers/CMSIS/DSP/Source/TransformFunctions/arm_cfft_f32.o
 .debug_line    0x000046a6      0x8fe ./Drivers/CMSIS/DSP/Source/TransformFunctions/arm_cfft_radix8_f32.o
 .debug_line    0x00004fa4      0x6d3 ./Drivers/CMSIS/DSP/Source/TransformFunctions/arm_rfft_fast_f32.o
 .debug_line    0x00005677      0x77f ./Drivers/CMSIS/DSP/Source/TransformFunctions/arm_rfft_fast_init_f32.o
 .debug_line    0x00005df6      0xb46 ./Drivers/STM32G4xx_HAL_Driver/Src/stm32g4xx_hal.o
 .debug_line    0x0000693c     0x2215 ./Drivers/STM32G4xx_HAL_Driver/Src/stm32g4xx_hal_adc.o
 .debug_line    0x00008b51     0x1b88 ./Drivers/STM32G4xx_HAL_Driver/Src/stm32g4xx_hal_adc_ex.o
 .debug_line    0x0000a6d9      0xcab ./Drivers/STM32G4xx_HAL_Driver/Src/stm32g4xx_hal_cortex.o
 .debug_line    0x0000b384      0xe5b ./Drivers/STM32G4xx_HAL_Driver/Src/stm32g4xx_hal_dma.o
 .debug_line    0x0000c1df      0xb32 ./Drivers/STM32G4xx_HAL_Driver/Src/stm32g4xx_hal_gpio.o
 .debug_line    0x0000cd11      0xca5 ./Drivers/STM32G4xx_HAL_Driver/Src/stm32g4xx_hal_pwr_ex.o
 .debug_line    0x0000d9b6      0xfc9 ./Drivers/STM32G4xx_HAL_Driver/Src/stm32g4xx_hal_rcc.o
 .debug_line    0x0000e97f     0x123f ./Drivers/STM32G4xx_HAL_Driver/Src/stm32g4xx_hal_rcc_ex.o
 .debug_line    0x0000fbbe     0x4093 ./Drivers/STM32G4xx_HAL_Driver/Src/stm32g4xx_hal_tim.o
 .debug_line    0x00013c51     0x204d ./Drivers/STM32G4xx_HAL_Driver/Src/stm32g4xx_hal_tim_ex.o
 .debug_line    0x00015c9e     0x35a8 ./Drivers/STM32G4xx_HAL_Driver/Src/stm32g4xx_hal_uart.o

.debug_str      0x00000000   0x114eea
 .debug_str     0x00000000   0x114eea ./Core/Src/main.o
                             0x10f547 (size before relaxing)
 .debug_str     0x00114eea   0x10d611 ./Core/Src/stm32g4xx_hal_msp.o
 .debug_str     0x00114eea   0x10c67c ./Core/Src/stm32g4xx_it.o
 .debug_str     0x00114eea   0x108771 ./Core/Src/system_stm32g4xx.o
 .debug_str     0x00114eea       0x7e ./Core/Startup/startup_stm32g474retx.o
 .debug_str     0x00114eea     0x9ab0 ./Drivers/CMSIS/DSP/Source/CommonTables/arm_common_tables.o
 .debug_str     0x00114eea     0x90a5 ./Drivers/CMSIS/DSP/Source/ComplexMathFunctions/arm_cmplx_mag_f32.o
 .debug_str     0x00114eea     0x9425 ./Drivers/CMSIS/DSP/Source/TransformFunctions/arm_bitreversal2.o
 .debug_str     0x00114eea     0x9537 ./Drivers/CMSIS/DSP/Source/TransformFunctions/arm_cfft_f32.o
 .debug_str     0x00114eea     0x900c ./Drivers/CMSIS/DSP/Source/TransformFunctions/arm_cfft_radix8_f32.o
 .debug_str     0x00114eea     0x90aa ./Drivers/CMSIS/DSP/Source/TransformFunctions/arm_rfft_fast_f32.o
 .debug_str     0x00114eea     0x97d3 ./Drivers/CMSIS/DSP/Source/TransformFunctions/arm_rfft_fast_init_f32.o
 .debug_str     0x00114eea   0x109483 ./Drivers/STM32G4xx_HAL_Driver/Src/stm32g4xx_hal.o
 .debug_str     0x00114eea   0x10979e ./Drivers/STM32G4xx_HAL_Driver/Src/stm32g4xx_hal_adc.o
 .debug_str     0x00114eea   0x109744 ./Drivers/STM32G4xx_HAL_Driver/Src/stm32g4xx_hal_adc_ex.o
 .debug_str     0x00114eea   0x10913f ./Drivers/STM32G4xx_HAL_Driver/Src/stm32g4xx_hal_cortex.o
 .debug_str     0x00114eea   0x108b4b ./Drivers/STM32G4xx_HAL_Driver/Src/stm32g4xx_hal_dma.o
 .debug_str     0x00114eea   0x1088fc ./Drivers/STM32G4xx_HAL_Driver/Src/stm32g4xx_hal_gpio.o
 .debug_str     0x00114eea   0x108c5f ./Drivers/STM32G4xx_HAL_Driver/Src/stm32g4xx_hal_pwr_ex.o
 .debug_str     0x00114eea   0x108e90 ./Drivers/STM32G4xx_HAL_Driver/Src/stm32g4xx_hal_rcc.o
 .debug_str     0x00114eea   0x108eba ./Drivers/STM32G4xx_HAL_Driver/Src/stm32g4xx_hal_rcc_ex.o
 .debug_str     0x00114eea   0x109c6f ./Drivers/STM32G4xx_HAL_Driver/Src/stm32g4xx_hal_tim.o
 .debug_str     0x00114eea   0x1098e3 ./Drivers/STM32G4xx_HAL_Driver/Src/stm32g4xx_hal_tim_ex.o
 .debug_str     0x00114eea   0x10972c ./Drivers/STM32G4xx_HAL_Driver/Src/stm32g4xx_hal_uart.o

.comment        0x00000000       0x43
 .comment       0x00000000       0x43 ./Core/Src/main.o
                                 0x44 (size before relaxing)
 .comment       0x00000043       0x44 ./Core/Src/stm32g4xx_hal_msp.o
 .comment       0x00000043       0x44 ./Core/Src/stm32g4xx_it.o
 .comment       0x00000043       0x44 ./Core/Src/system_stm32g4xx.o
 .comment       0x00000043       0x44 ./Drivers/CMSIS/DSP/Source/CommonTables/arm_common_tables.o
 .comment       0x00000043       0x44 ./Drivers/CMSIS/DSP/Source/ComplexMathFunctions/arm_cmplx_mag_f32.o
 .comment       0x00000043       0x44 ./Drivers/CMSIS/DSP/Source/TransformFunctions/arm_bitreversal2.o
 .comment       0x00000043       0x44 ./Drivers/CMSIS/DSP/Source/TransformFunctions/arm_cfft_f32.o
 .comment       0x00000043       0x44 ./Drivers/CMSIS/DSP/Source/TransformFunctions/arm_cfft_radix8_f32.o
 .comment       0x00000043       0x44 ./Drivers/CMSIS/DSP/Source/TransformFunctions/arm_rfft_fast_f32.o
 .comment       0x00000043       0x44 ./Drivers/CMSIS/DSP/Source/TransformFunctions/arm_rfft_fast_init_f32.o
 .comment       0x00000043       0x44 ./Drivers/STM32G4xx_HAL_Driver/Src/stm32g4xx_hal.o
 .comment       0x00000043       0x44 ./Drivers/STM32G4xx_HAL_Driver/Src/stm32g4xx_hal_adc.o
 .comment       0x00000043       0x44 ./Drivers/STM32G4xx_HAL_Driver/Src/stm32g4xx_hal_adc_ex.o
 .comment       0x00000043       0x44 ./Drivers/STM32G4xx_HAL_Driver/Src/stm32g4xx_hal_cortex.o
 .comment       0x00000043       0x44 ./Drivers/STM32G4xx_HAL_Driver/Src/stm32g4xx_hal_dma.o
 .comment       0x00000043       0x44 ./Drivers/STM32G4xx_HAL_Driver/Src/stm32g4xx_hal_gpio.o
 .comment       0x00000043       0x44 ./Drivers/STM32G4xx_HAL_Driver/Src/stm32g4xx_hal_pwr_ex.o
 .comment       0x00000043       0x44 ./Drivers/STM32G4xx_HAL_Driver/Src/stm32g4xx_hal_rcc.o
 .comment       0x00000043       0x44 ./Drivers/STM32G4xx_HAL_Driver/Src/stm32g4xx_hal_rcc_ex.o
 .comment       0x00000043       0x44 ./Drivers/STM32G4xx_HAL_Driver/Src/stm32g4xx_hal_tim.o
 .comment       0x00000043       0x44 ./Drivers/STM32G4xx_HAL_Driver/Src/stm32g4xx_hal_tim_ex.o
 .comment       0x00000043       0x44 ./Drivers/STM32G4xx_HAL_Driver/Src/stm32g4xx_hal_uart.o

.debug_frame    0x00000000     0x5d48
 .debug_frame   0x00000000      0x240 ./Core/Src/main.o
 .debug_frame   0x00000240      0x11c ./Core/Src/stm32g4xx_hal_msp.o
 .debug_frame   0x0000035c       0xa8 ./Core/Src/stm32g4xx_it.o
 .debug_frame   0x00000404       0x58 ./Core/Src/system_stm32g4xx.o
 .debug_frame   0x0000045c       0x34 ./Drivers/CMSIS/DSP/Source/ComplexMathFunctions/arm_cmplx_mag_f32.o
 .debug_frame   0x00000490       0x60 ./Drivers/CMSIS/DSP/Source/TransformFunctions/arm_bitreversal2.o
 .debug_frame   0x000004f0       0x84 ./Drivers/CMSIS/DSP/Source/TransformFunctions/arm_cfft_f32.o
 .debug_frame   0x00000574       0x38 ./Drivers/CMSIS/DSP/Source/TransformFunctions/arm_cfft_radix8_f32.o
 .debug_frame   0x000005ac       0x84 ./Drivers/CMSIS/DSP/Source/TransformFunctions/arm_rfft_fast_f32.o
 .debug_frame   0x00000630      0x174 ./Drivers/CMSIS/DSP/Source/TransformFunctions/arm_rfft_fast_init_f32.o
 .debug_frame   0x000007a4      0x500 ./Drivers/STM32G4xx_HAL_Driver/Src/stm32g4xx_hal.o
 .debug_frame   0x00000ca4      0xacc ./Drivers/STM32G4xx_HAL_Driver/Src/stm32g4xx_hal_adc.o
 .debug_frame   0x00001770      0x81c ./Drivers/STM32G4xx_HAL_Driver/Src/stm32g4xx_hal_adc_ex.o
 .debug_frame   0x00001f8c      0x4e8 ./Drivers/STM32G4xx_HAL_Driver/Src/stm32g4xx_hal_cortex.o
 .debug_frame   0x00002474      0x24c ./Drivers/STM32G4xx_HAL_Driver/Src/stm32g4xx_hal_dma.o
 .debug_frame   0x000026c0      0x14c ./Drivers/STM32G4xx_HAL_Driver/Src/stm32g4xx_hal_gpio.o
 .debug_frame   0x0000280c      0x4fc ./Drivers/STM32G4xx_HAL_Driver/Src/stm32g4xx_hal_pwr_ex.o
 .debug_frame   0x00002d08      0x23c ./Drivers/STM32G4xx_HAL_Driver/Src/stm32g4xx_hal_rcc.o
 .debug_frame   0x00002f44      0x2ac ./Drivers/STM32G4xx_HAL_Driver/Src/stm32g4xx_hal_rcc_ex.o
 .debug_frame   0x000031f0     0x1220 ./Drivers/STM32G4xx_HAL_Driver/Src/stm32g4xx_hal_tim.o
 .debug_frame   0x00004410      0xa70 ./Drivers/STM32G4xx_HAL_Driver/Src/stm32g4xx_hal_tim_ex.o
 .debug_frame   0x00004e80      0xa94 ./Drivers/STM32G4xx_HAL_Driver/Src/stm32g4xx_hal_uart.o
 .debug_frame   0x00005914      0x144 /home/anon/st/stm32cubeide_1.19.0_2/plugins/com.st.stm32cube.ide.mcu.externaltools.gnu-tools-for-stm32.13.3.rel1.linux64_1.0.0.202410170706/tools/bin/../lib/gcc/arm-none-eabi/13.3.1/../../../../arm-none-eabi/lib/thumb/v7e-m+fp/hard/libc_nano.a(libc_a-findfp.o)
 .debug_frame   0x00005a58       0x20 /home/anon/st/stm32cubeide_1.19.0_2/plugins/com.st.stm32cube.ide.mcu.externaltools.gnu-tools-for-stm32.13.3.rel1.linux64_1.0.0.202410170706/tools/bin/../lib/gcc/arm-none-eabi/13.3.1/../../../../arm-none-eabi/lib/thumb/v7e-m+fp/hard/libc_nano.a(libc_a-memset.o)
 .debug_frame   0x00005a78       0x20 /home/anon/st/stm32cubeide_1.19.0_2/plugins/com.st.stm32cube.ide.mcu.externaltools.gnu-tools-for-stm32.13.3.rel1.linux64_1.0.0.202410170706/tools/bin/../lib/gcc/arm-none-eabi/13.3.1/../../../../arm-none-eabi/lib/thumb/v7e-m+fp/hard/libc_nano.a(libc_a-errno.o)
 .debug_frame   0x00005a98       0x2c /home/anon/st/stm32cubeide_1.19.0_2/plugins/com.st.stm32cube.ide.mcu.externaltools.gnu-tools-for-stm32.13.3.rel1.linux64_1.0.0.202410170706/tools/bin/../lib/gcc/arm-none-eabi/13.3.1/../../../../arm-none-eabi/lib/thumb/v7e-m+fp/hard/libc_nano.a(libc_a-init.o)
 .debug_frame   0x00005ac4       0x28 /home/anon/st/stm32cubeide_1.19.0_2/plugins/com.st.stm32cube.ide.mcu.externaltools.gnu-tools-for-stm32.13.3.rel1.linux64_1.0.0.202410170706/tools/bin/../lib/gcc/arm-none-eabi/13.3.1/../../../../arm-none-eabi/lib/thumb/v7e-m+fp/hard/libc_nano.a(libc_a-memcpy-stub.o)
 .debug_frame   0x00005aec       0x38 /home/anon/st/stm32cubeide_1.19.0_2/plugins/com.st.stm32cube.ide.mcu.externaltools.gnu-tools-for-stm32.13.3.rel1.linux64_1.0.0.202410170706/tools/bin/../lib/gcc/arm-none-eabi/13.3.1/../../../../arm-none-eabi/lib/thumb/v7e-m+fp/hard/libm.a(libm_a-wf_sqrt.o)
 .debug_frame   0x00005b24       0x38 /home/anon/st/stm32cubeide_1.19.0_2/plugins/com.st.stm32cube.ide.mcu.externaltools.gnu-tools-for-stm32.13.3.rel1.linux64_1.0.0.202410170706/tools/bin/../lib/gcc/arm-none-eabi/13.3.1/../../../../arm-none-eabi/lib/thumb/v7e-m+fp/hard/libm.a(libm_a-sf_cos.o)
 .debug_frame   0x00005b5c       0x38 /home/anon/st/stm32cubeide_1.19.0_2/plugins/com.st.stm32cube.ide.mcu.externaltools.gnu-tools-for-stm32.13.3.rel1.linux64_1.0.0.202410170706/tools/bin/../lib/gcc/arm-none-eabi/13.3.1/../../../../arm-none-eabi/lib/thumb/v7e-m+fp/hard/libm.a(libm_a-sf_sin.o)