../Core/Src/main.c:111:13:Generate_Hann_Window	16	static
../Core/Src/main.c:120:13:Generate_Test_Signal	16	static
../Core/Src/main.c:141:13:Process_FFT_Block	32	static
../Core/Src/main.c:169:13:Send_FFT_Packet	8	static
../Core/Src/main.c:197:5:main	56	static
../Core/Src/main.c:284:6:SystemClock_Config	88	static
../Core/Src/main.c:319:13:MX_ADC1_Init	56	static
../Core/Src/main.c:365:13:MX_TIM6_Init	24	static
../Core/Src/main.c:387:13:MX_USART2_Init	8	static
../Core/Src/main.c:407:13:MX_DMA_Init	16	static
../Core/Src/main.c:424:13:MX_GPIO_Init	32	static
../Core/Src/main.c:441:6:HAL_ADC_ConvHalfCpltCallback	16	static
../Core/Src/main.c:447:6:HAL_ADC_ConvCpltCallback	16	static
../Core/Src/main.c:456:6:HAL_UART_TxCpltCallback	16	static
../Core/Src/main.c:462:6:HAL_UART_ErrorCallback	16	static
../Core/Src/main.c:475:6:Error_Handler	4	static,ignoring_inline_asm
